{
  "version": "1.5.0",
  "plugins_used": [
    {
      "name": "ArtifactoryDetector"
    },
    {
      "name": "AWSKeyDetector"
    },
    {
      "name": "AzureStorageKeyDetector"
    },
    {
      "name": "Base64HighEntropyString",
      "limit": 4.5
    },
    {
      "name": "BasicAuthDetector"
    },
    {
      "name": "CloudantDetector"
    },
    {
      "name": "DiscordBotTokenDetector"
    },
    {
      "name": "GitHubTokenDetector"
    },
    {
      "name": "GitLabTokenDetector"
    },
    {
      "name": "HexHighEntropyString",
      "limit": 3.0
    },
    {
      "name": "IbmCloudIamDetector"
    },
    {
      "name": "IbmCosHmacDetector"
    },
    {
      "name": "IPPublicDetector"
    },
    {
      "name": "JwtTokenDetector"
    },
    {
      "name": "KeywordDetector",
      "keyword_exclude": ""
    },
    {
      "name": "MailchimpDetector"
    },
    {
      "name": "NpmDetector"
    },
    {
      "name": "OpenAIDetector"
    },
    {
      "name": "PrivateKeyDetector"
    },
    {
      "name": "PypiTokenDetector"
    },
    {
      "name": "SendGridDetector"
    },
    {
      "name": "SlackDetector"
    },
    {
      "name": "SoftlayerDetector"
    },
    {
      "name": "SquareOAuthDetector"
    },
    {
      "name": "StripeDetector"
    },
    {
      "name": "TelegramBotTokenDetector"
    },
    {
      "name": "TwilioKeyDetector"
    }
  ],
  "filters_used": [
    {
      "path": "detect_secrets.filters.allowlist.is_line_allowlisted"
    },
    {
      "path": "detect_secrets.filters.common.is_ignored_due_to_verification_policies",
      "min_level": 2
    },
    {
      "path": "detect_secrets.filters.heuristic.is_indirect_reference"
    },
    {
      "path": "detect_secrets.filters.heuristic.is_likely_id_string"
    },
    {
      "path": "detect_secrets.filters.heuristic.is_lock_file"
    },
    {
      "path": "detect_secrets.filters.heuristic.is_not_alphanumeric_string"
    },
    {
      "path": "detect_secrets.filters.heuristic.is_potential_uuid"
    },
    {
      "path": "detect_secrets.filters.heuristic.is_prefixed_with_dollar_sign"
    },
    {
      "path": "detect_secrets.filters.heuristic.is_sequential_string"
    },
    {
      "path": "detect_secrets.filters.heuristic.is_swagger_file"
    },
    {
      "path": "detect_secrets.filters.heuristic.is_templated_secret"
    },
    {
      "path": "detect_secrets.filters.regex.should_exclude_file",
      "pattern": [
        ".*\\.db$",
        ".*\\.jar$",
        ".*\\.class$"
      ]
    }
  ],
  "results": {
    ".continue\\agents\\new-config.yaml": [
      {
        "type": "Secret Keyword",
        "filename": ".continue\\agents\\new-config.yaml",
        "hashed_secret": "b2efdd99aaaba3836acdf6bb963f8890d553e4b4",
        "is_verified": false,
        "line_number": 14
      }
    ],
    "docs\\options-quant.postman_collection.json": [
      {
        "type": "Base64 High Entropy String",
        "filename": "docs\\options-quant.postman_collection.json",
        "hashed_secret": "a369816d77f1d933f6e3ea626360544b48d184f0",
        "is_verified": false,
        "line_number": 15
      }
    ],
    "src\\main\\resources\\application.yml": [
      {
        "type": "Base64 High Entropy String",
        "filename": "src\\main\\resources\\application.yml",
        "hashed_secret": "a369816d77f1d933f6e3ea626360544b48d184f0",
        "is_verified": false,
        "line_number": 71
      },
      {
        "type": "Secret Keyword",
        "filename": "src\\main\\resources\\application.yml",
        "hashed_secret": "a369816d77f1d933f6e3ea626360544b48d184f0",
        "is_verified": false,
        "line_number": 71
      },
      {
        "type": "Base64 High Entropy String",
        "filename": "src\\main\\resources\\application.yml",
        "hashed_secret": "0f16c6ab888c875beadfb2369c12731409f20899",
        "is_verified": false,
        "line_number": 72
      }
    ],
    "src\\main\\resources\\config.yaml.example": [
      {
        "type": "Secret Keyword",
        "filename": "src\\main\\resources\\config.yaml.example",
        "hashed_secret": "a62f2225bf70bfaccbc7f1ef2a397836717377de",
        "is_verified": false,
        "line_number": 18
      }
    ],
    "src\\test\\java\\com\\optionsquant\\controller\\LiveModeControllerStartupListenerTest.java": [
      {
        "type": "Base64 High Entropy String",
        "filename": "src\\test\\java\\com\\optionsquant\\controller\\LiveModeControllerStartupListenerTest.java",
        "hashed_secret": "46ece864defcc09878a333012f6256c8355bbdc2",
        "is_verified": false,
        "line_number": 95
      },
      {
        "type": "Base64 High Entropy String",
        "filename": "src\\test\\java\\com\\optionsquant\\controller\\LiveModeControllerStartupListenerTest.java",
        "hashed_secret": "18a6b4e048f2a4207b99ab3e67a3bcd389f2b40c",
        "is_verified": false,
        "line_number": 119
      },
      {
        "type": "Base64 High Entropy String",
        "filename": "src\\test\\java\\com\\optionsquant\\controller\\LiveModeControllerStartupListenerTest.java",
        "hashed_secret": "53877d5fc1686aacefd0f95f23ec34d73a6ad489",
        "is_verified": false,
        "line_number": 136
      }
    ],
    "src\\test\\java\\com\\optionsquant\\controller\\TelegramWebhookControllerTest.java": [
      {
        "type": "Secret Keyword",
        "filename": "src\\test\\java\\com\\optionsquant\\controller\\TelegramWebhookControllerTest.java",
        "hashed_secret": "2989436d0b62a9cf0b1f1ff816db8145d149bc88",
        "is_verified": false,
        "line_number": 40
      }
    ]
  },
  "generated_at": "2026-05-07T11:21:57Z"
}
