2026-04-14 06:24:51.603 DEBUG [ForkJoinPool.commonPool-worker-9] StrategyAnalysis : ✅ AAPL analyzed - no signals (67299ms)
2026-04-14 06:24:51.639 DEBUG [ForkJoinPool.commonPool-worker-4] StrategyAnalysis : ✅ QQQ analyzed - no signals (67346ms)
2026-04-14 06:24:51.677 DEBUG [ForkJoinPool.commonPool-worker-10] StrategyAnalysis : ✅ TSLA analyzed - no signals (67372ms)
2026-04-14 06:24:57.671 DEBUG [ForkJoinPool.commonPool-worker-11] StrategyAnalysis : ✅ XOM analyzed - no signals (73348ms)
2026-04-14 06:24:57.760 DEBUG [ForkJoinPool.commonPool-worker-1] StrategyAnalysis : ✅ JNJ analyzed - no signals (73468ms)
2026-04-14 06:25:03.487 INFO  [ForkJoinPool.commonPool-worker-6] StrategyAnalysis : 🎯 SIGNAL: META triggered c2trendcall at $634.52 [pattern: trend_continuation + bullish]
2026-04-14 06:25:03.490 INFO  [ForkJoinPool.commonPool-worker-6] StrategyAnalysis : 📊 META analyzed - 1 signal(s) found (79190ms)
2026-04-14 06:25:03.490 INFO  [ForkJoinPool.commonPool-worker-6] StrategyAnalysis :    META CALL @ $634.52 - c2trendcall (TP: $625.0, SL: $646.04)
2026-04-14 06:25:09.423 DEBUG [ForkJoinPool.commonPool-worker-8] StrategyAnalysis : ✅ GOOGL analyzed - no signals (85122ms)
2026-04-14 06:25:33.539 DEBUG [ForkJoinPool.commonPool-worker-7] StrategyAnalysis : ✅ JPM analyzed - no signals (109239ms)
2026-04-14 06:25:45.898 DEBUG [ForkJoinPool.commonPool-worker-3] StrategyAnalysis : ✅ MSFT analyzed - no signals (121605ms)
2026-04-14 06:25:51.708 DEBUG [Thread-1] StrategyAnalysis : ✅ NVDA analyzed - no signals (127417ms)
2026-04-14 06:25:51.708 DEBUG [ForkJoinPool.commonPool-worker-5] StrategyAnalysis : ✅ AMD analyzed - no signals (127413ms)
2026-04-14 06:39:20.766 DEBUG [Thread-1] StrategyAnalysis : ✅ NVDA analyzed - no signals (131179ms)
2026-04-14 06:53:27.488 DEBUG [Thread-124] StrategyAnalysis : ✅ SPY analyzed - no signals (1563ms)
2026-04-14 06:56:29.124 DEBUG [Thread-1] StrategyAnalysis : ✅ NVDA analyzed - no signals (79311ms)
2026-04-14 06:56:34.925 DEBUG [ForkJoinPool.commonPool-worker-4] StrategyAnalysis : ✅ TSLA analyzed - no signals (85112ms)
2026-04-14 06:56:40.761 DEBUG [ForkJoinPool.commonPool-worker-9] StrategyAnalysis : ✅ AAPL analyzed - no signals (90938ms)
2026-04-14 06:56:46.801 DEBUG [ForkJoinPool.commonPool-worker-3] StrategyAnalysis : ✅ V analyzed - no signals (96988ms)
2026-04-14 06:56:54.243 DEBUG [ForkJoinPool.commonPool-worker-11] StrategyAnalysis : ✅ XOM analyzed - no signals (104414ms)
2026-04-14 06:56:54.245 DEBUG [ForkJoinPool.commonPool-worker-8] StrategyAnalysis : ✅ AMZN analyzed - no signals (104412ms)
2026-04-14 06:56:54.245 DEBUG [ForkJoinPool.commonPool-worker-2] StrategyAnalysis : ✅ AMD analyzed - no signals (104432ms)
2026-04-14 06:56:54.246 DEBUG [ForkJoinPool.commonPool-worker-7] StrategyAnalysis : ✅ JPM analyzed - no signals (104428ms)
2026-04-14 06:56:54.247 DEBUG [ForkJoinPool.commonPool-worker-10] StrategyAnalysis : ✅ MSFT analyzed - no signals (104426ms)
2026-04-14 06:56:54.247 DEBUG [ForkJoinPool.commonPool-worker-1] StrategyAnalysis : ✅ JNJ analyzed - no signals (104434ms)
2026-04-14 07:05:46.785 DEBUG [ForkJoinPool.commonPool-worker-3] StrategyAnalysis : ✅ AMD analyzed - no signals (78896ms)
2026-04-14 07:05:52.828 DEBUG [ForkJoinPool.commonPool-worker-5] StrategyAnalysis : ✅ AAPL analyzed - no signals (84940ms)
2026-04-14 07:05:58.758 DEBUG [Thread-1] StrategyAnalysis : ✅ NVDA analyzed - no signals (90874ms)
2026-04-14 07:06:04.693 DEBUG [ForkJoinPool.commonPool-worker-4] StrategyAnalysis : ✅ TSLA analyzed - no signals (96806ms)
2026-04-14 07:06:29.147 DEBUG [ForkJoinPool.commonPool-worker-10] StrategyAnalysis : ✅ GOOGL analyzed - no signals (121239ms)
2026-04-14 07:06:29.381 DEBUG [ForkJoinPool.commonPool-worker-1] StrategyAnalysis : ✅ JNJ analyzed - no signals (121495ms)
2026-04-14 07:06:29.578 DEBUG [ForkJoinPool.commonPool-worker-11] StrategyAnalysis : ✅ XOM analyzed - no signals (121666ms)
2026-04-14 07:06:35.819 DEBUG [ForkJoinPool.commonPool-worker-6] StrategyAnalysis : ✅ SPY analyzed - no signals (127931ms)
2026-04-14 07:06:36.319 DEBUG [ForkJoinPool.commonPool-worker-2] StrategyAnalysis : ✅ V analyzed - no signals (128427ms)
2026-04-14 07:06:36.584 INFO  [ForkJoinPool.commonPool-worker-7] StrategyAnalysis : 🎯 SIGNAL: META triggered c2trendcall at $634.52 [pattern: trend_continuation + bullish]
2026-04-14 07:06:36.590 INFO  [ForkJoinPool.commonPool-worker-7] StrategyAnalysis : 📊 META analyzed - 1 signal(s) found (128695ms)
2026-04-14 07:06:36.591 INFO  [ForkJoinPool.commonPool-worker-7] StrategyAnalysis :    META CALL @ $634.52 - c2trendcall (TP: $625.0, SL: $646.04)
2026-04-14 07:06:36.909 DEBUG [ForkJoinPool.commonPool-worker-8] StrategyAnalysis : ✅ MSFT analyzed - no signals (129007ms)
2026-04-14 07:06:47.539 DEBUG [ForkJoinPool.commonPool-worker-12] StrategyAnalysis : ✅ JPM analyzed - no signals (139491ms)
2026-04-14 07:06:48.145 DEBUG [ForkJoinPool.commonPool-worker-13] StrategyAnalysis : ✅ QQQ analyzed - no signals (140071ms)
2026-04-14 07:06:53.302 DEBUG [ForkJoinPool.commonPool-worker-9] StrategyAnalysis : ✅ AMZN analyzed - no signals (145409ms)
2026-04-14 07:06:53.338 DEBUG [ForkJoinPool.commonPool-worker-12] StrategyAnalysis : 🚫 [Memory] Skipping LVS — blocked due to poor historical performance
2026-04-14 07:06:53.348 DEBUG [ForkJoinPool.commonPool-worker-9] StrategyAnalysis : 🚫 [Memory] Skipping ELV — blocked due to poor historical performance
2026-04-14 07:06:53.618 DEBUG [ForkJoinPool.commonPool-worker-3] StrategyAnalysis : 🚫 [Memory] Skipping SCHW — blocked due to poor historical performance
2026-04-14 07:16:14.921 INFO  [ForkJoinPool.commonPool-worker-4] StrategyAnalysis : 🎯 SIGNAL: META triggered c2trendcall at $634.52 [pattern: trend_continuation + bullish]
2026-04-14 07:16:14.924 INFO  [ForkJoinPool.commonPool-worker-4] StrategyAnalysis : 📊 META analyzed - 1 signal(s) found (78972ms)
2026-04-14 07:16:14.925 INFO  [ForkJoinPool.commonPool-worker-4] StrategyAnalysis :    META CALL @ $634.52 - c2trendcall (TP: $625.0, SL: $646.04)
2026-04-14 07:16:15.003 DEBUG [ForkJoinPool.commonPool-worker-7] StrategyAnalysis : ✅ TSLA analyzed - no signals (79047ms)
2026-04-14 07:16:20.848 DEBUG [ForkJoinPool.commonPool-worker-1] StrategyAnalysis : ✅ JNJ analyzed - no signals (84898ms)
2026-04-14 07:16:38.889 DEBUG [ForkJoinPool.commonPool-worker-10] StrategyAnalysis : ✅ XOM analyzed - no signals (102927ms)
2026-04-14 07:16:57.129 DEBUG [ForkJoinPool.commonPool-worker-9] StrategyAnalysis : ✅ JPM analyzed - no signals (121171ms)
2026-04-14 07:16:57.240 DEBUG [ForkJoinPool.commonPool-worker-5] StrategyAnalysis : ✅ MSFT analyzed - no signals (121288ms)
2026-04-14 07:16:57.240 DEBUG [ForkJoinPool.commonPool-worker-2] StrategyAnalysis : ✅ AMD analyzed - no signals (121290ms)
2026-04-14 07:16:57.354 DEBUG [Thread-3] StrategyAnalysis : ✅ NVDA analyzed - no signals (121407ms)
2026-04-14 07:17:03.010 DEBUG [ForkJoinPool.commonPool-worker-6] StrategyAnalysis : ✅ GOOGL analyzed - no signals (127056ms)
2026-04-14 07:17:03.135 DEBUG [ForkJoinPool.commonPool-worker-3] StrategyAnalysis : ✅ V analyzed - no signals (127183ms)
2026-04-14 07:17:03.266 DEBUG [ForkJoinPool.commonPool-worker-11] StrategyAnalysis : ✅ SPY analyzed - no signals (127286ms)
2026-04-14 07:17:14.872 DEBUG [ForkJoinPool.commonPool-worker-13] StrategyAnalysis : ✅ AMZN analyzed - no signals (138756ms)
2026-04-14 07:17:14.885 DEBUG [ForkJoinPool.commonPool-worker-12] StrategyAnalysis : ✅ AAPL analyzed - no signals (138796ms)
2026-04-14 07:17:20.770 DEBUG [ForkJoinPool.commonPool-worker-8] StrategyAnalysis : ✅ QQQ analyzed - no signals (144812ms)
2026-04-14 07:17:20.771 DEBUG [ForkJoinPool.commonPool-worker-8] StrategyAnalysis : 🚫 [Memory] Skipping ELV — blocked due to poor historical performance
2026-04-14 07:17:20.773 DEBUG [ForkJoinPool.commonPool-worker-9] StrategyAnalysis : 🚫 [Memory] Skipping LVS — blocked due to poor historical performance
2026-04-14 07:17:20.873 DEBUG [ForkJoinPool.commonPool-worker-7] StrategyAnalysis : 🚫 [Memory] Skipping SCHW — blocked due to poor historical performance
