2026-04-10 13:30:12.741 DEBUG [scheduling-1] StrategyAnalysis : ✅ AAPL analyzed - no signals (10721ms)
2026-04-10 13:30:22.794 DEBUG [scheduling-1] StrategyAnalysis : ✅ AMD analyzed - no signals (10053ms)
2026-04-10 13:30:32.742 DEBUG [scheduling-1] StrategyAnalysis : ✅ AMZN analyzed - no signals (9948ms)
2026-04-10 13:30:42.983 DEBUG [scheduling-1] StrategyAnalysis : ✅ GOOGL analyzed - no signals (10241ms)
2026-04-10 13:30:55.338 DEBUG [scheduling-1] StrategyAnalysis : ✅ JNJ analyzed - no signals (12355ms)
2026-04-10 13:31:12.532 DEBUG [scheduling-1] StrategyAnalysis : ✅ JPM analyzed - no signals (17194ms)
2026-04-10 13:31:22.580 DEBUG [scheduling-1] StrategyAnalysis : ✅ META analyzed - no signals (10046ms)
2026-04-10 13:31:32.919 INFO  [scheduling-1] StrategyAnalysis : 🎯 SIGNAL: MSFT triggered c6reversalcall at $373.01
2026-04-10 13:31:32.919 INFO  [scheduling-1] StrategyAnalysis : 📊 MSFT analyzed - 1 signal(s) found (10339ms)
2026-04-10 13:31:32.920 INFO  [scheduling-1] StrategyAnalysis :    MSFT CALL @ $373.01 - c6reversalcall (TP: $367.41, SL: $379.15)
2026-04-10 13:31:43.171 DEBUG [scheduling-1] StrategyAnalysis : ✅ NVDA analyzed - no signals (10251ms)
2026-04-10 13:31:55.328 DEBUG [scheduling-1] StrategyAnalysis : ✅ QQQ analyzed - no signals (12157ms)
2026-04-10 13:32:12.406 DEBUG [scheduling-1] StrategyAnalysis : ✅ SPY analyzed - no signals (17078ms)
2026-04-10 13:32:22.544 DEBUG [scheduling-1] StrategyAnalysis : ✅ TSLA analyzed - no signals (10138ms)
2026-04-10 13:32:32.785 DEBUG [scheduling-1] StrategyAnalysis : ✅ V analyzed - no signals (10241ms)
2026-04-10 13:32:42.839 DEBUG [scheduling-1] StrategyAnalysis : ✅ XOM analyzed - no signals (10054ms)
2026-04-10 13:32:55.195 DEBUG [scheduling-1] StrategyAnalysis : ✅ A analyzed - no signals (12356ms)
2026-04-10 13:33:12.090 DEBUG [scheduling-1] StrategyAnalysis : ✅ AAL analyzed - no signals (16895ms)
2026-04-10 13:33:22.447 DEBUG [scheduling-1] StrategyAnalysis : ✅ ABBV analyzed - no signals (10357ms)
2026-04-10 13:33:32.335 DEBUG [scheduling-1] StrategyAnalysis : ✅ ABNB analyzed - no signals (9888ms)
2026-04-10 13:33:43.109 DEBUG [scheduling-1] StrategyAnalysis : ✅ ABT analyzed - no signals (10774ms)
2026-04-10 13:33:55.131 DEBUG [scheduling-1] StrategyAnalysis : ✅ ACGL analyzed - no signals (12012ms)
2026-04-10 13:34:12.398 DEBUG [scheduling-1] StrategyAnalysis : ✅ ACN analyzed - no signals (17267ms)
2026-04-10 13:34:22.385 DEBUG [scheduling-1] StrategyAnalysis : ✅ ADBE analyzed - no signals (9986ms)
2026-04-10 13:34:32.628 DEBUG [scheduling-1] StrategyAnalysis : ✅ ADI analyzed - no signals (10243ms)
2026-04-10 13:34:42.743 DEBUG [scheduling-1] StrategyAnalysis : ✅ ADM analyzed - no signals (10115ms)
2026-04-10 13:34:55.259 DEBUG [scheduling-1] StrategyAnalysis : ✅ ADP analyzed - no signals (12516ms)
2026-04-10 13:35:12.221 DEBUG [scheduling-1] StrategyAnalysis : ✅ ADSK analyzed - no signals (16962ms)
2026-04-10 13:35:22.347 DEBUG [scheduling-1] StrategyAnalysis : ✅ AEE analyzed - no signals (10126ms)
2026-04-10 13:35:32.493 DEBUG [scheduling-1] StrategyAnalysis : ✅ AEP analyzed - no signals (10146ms)
2026-04-10 13:35:42.615 DEBUG [scheduling-1] StrategyAnalysis : ✅ AES analyzed - no signals (10122ms)
2026-04-10 13:35:55.253 DEBUG [scheduling-1] StrategyAnalysis : ✅ AFG analyzed - no signals (12638ms)
2026-04-10 13:36:12.561 DEBUG [scheduling-1] StrategyAnalysis : ✅ AFL analyzed - no signals (17305ms)
2026-04-10 13:36:22.472 DEBUG [scheduling-1] StrategyAnalysis : ✅ AFRM analyzed - no signals (9911ms)
2026-04-10 13:36:32.583 DEBUG [scheduling-1] StrategyAnalysis : ✅ AIG analyzed - no signals (10111ms)
2026-04-10 13:36:43.241 DEBUG [scheduling-1] StrategyAnalysis : ✅ AIZ analyzed - no signals (10658ms)
2026-04-10 13:36:55.583 DEBUG [scheduling-1] StrategyAnalysis : ✅ AJG analyzed - no signals (12342ms)
2026-04-10 13:37:12.329 DEBUG [scheduling-1] StrategyAnalysis : ✅ AKAM analyzed - no signals (16746ms)
2026-04-10 13:37:22.737 DEBUG [scheduling-1] StrategyAnalysis : ✅ ALB analyzed - no signals (10408ms)
2026-04-10 13:37:32.537 INFO  [scheduling-1] StrategyAnalysis : 🎯 SIGNAL: ALGN triggered c2trendcall at $174.57
2026-04-10 13:37:32.538 INFO  [scheduling-1] StrategyAnalysis : 📊 ALGN analyzed - 1 signal(s) found (9801ms)
2026-04-10 13:37:32.538 INFO  [scheduling-1] StrategyAnalysis :    ALGN CALL @ $174.57 - c2trendcall (TP: $171.95, SL: $180.1)
2026-04-10 13:37:42.692 DEBUG [scheduling-1] StrategyAnalysis : ✅ ALL analyzed - no signals (10154ms)
2026-04-10 13:37:55.167 DEBUG [scheduling-1] StrategyAnalysis : ✅ ALLE analyzed - no signals (12475ms)
2026-04-10 13:38:12.449 DEBUG [scheduling-1] StrategyAnalysis : ✅ AMAT analyzed - no signals (17282ms)
2026-04-10 13:38:23.517 DEBUG [scheduling-1] StrategyAnalysis : ✅ AMCR analyzed - no signals (11068ms)
2026-04-10 13:38:33.641 DEBUG [scheduling-1] StrategyAnalysis : ✅ AMDL analyzed - no signals (10124ms)
2026-04-10 13:38:43.619 DEBUG [scheduling-1] StrategyAnalysis : ✅ AME analyzed - no signals (9978ms)
2026-04-10 13:39:07.444 DEBUG [scheduling-1] StrategyAnalysis : ✅ AMGN analyzed - no signals (23825ms)
2026-04-10 13:39:17.884 DEBUG [scheduling-1] StrategyAnalysis : ✅ AMP analyzed - no signals (10440ms)
2026-04-10 13:39:28.019 DEBUG [scheduling-1] StrategyAnalysis : ✅ AMT analyzed - no signals (10135ms)
2026-04-10 13:39:38.915 DEBUG [scheduling-1] StrategyAnalysis : ✅ ANET analyzed - no signals (10895ms)
2026-04-10 13:39:49.059 DEBUG [scheduling-1] StrategyAnalysis : ✅ AON analyzed - no signals (10144ms)
2026-04-10 13:40:07.155 DEBUG [scheduling-1] StrategyAnalysis : ✅ AOS analyzed - no signals (18096ms)
2026-04-10 13:40:17.493 DEBUG [scheduling-1] StrategyAnalysis : ✅ APA analyzed - no signals (10338ms)
2026-04-10 13:40:27.647 DEBUG [scheduling-1] StrategyAnalysis : ✅ APD analyzed - no signals (10154ms)
2026-04-10 13:40:37.763 DEBUG [scheduling-1] StrategyAnalysis : ✅ APH analyzed - no signals (10116ms)
2026-04-10 13:40:47.883 DEBUG [scheduling-1] StrategyAnalysis : ✅ APTV analyzed - no signals (10120ms)
2026-04-10 13:41:07.190 DEBUG [scheduling-1] StrategyAnalysis : ✅ ARE analyzed - no signals (19307ms)
2026-04-10 13:41:17.113 DEBUG [scheduling-1] StrategyAnalysis : ✅ ARKK analyzed - no signals (9923ms)
2026-04-10 13:41:27.011 DEBUG [scheduling-1] StrategyAnalysis : ✅ ARM analyzed - no signals (9898ms)
2026-04-10 13:41:37.167 DEBUG [scheduling-1] StrategyAnalysis : ✅ ATO analyzed - no signals (10156ms)
2026-04-10 13:41:47.429 DEBUG [scheduling-1] StrategyAnalysis : ✅ AVB analyzed - no signals (10262ms)
2026-04-10 13:42:07.422 DEBUG [scheduling-1] StrategyAnalysis : ✅ AVGO analyzed - no signals (19993ms)
2026-04-10 13:42:17.645 DEBUG [scheduling-1] StrategyAnalysis : ✅ AVY analyzed - no signals (10223ms)
2026-04-10 13:42:27.945 DEBUG [scheduling-1] StrategyAnalysis : ✅ AWK analyzed - no signals (10298ms)
2026-04-10 13:42:37.848 DEBUG [scheduling-1] StrategyAnalysis : ✅ AXON analyzed - no signals (9903ms)
2026-04-10 13:42:47.982 DEBUG [scheduling-1] StrategyAnalysis : ✅ AXP analyzed - no signals (10134ms)
2026-04-10 13:43:07.367 DEBUG [scheduling-1] StrategyAnalysis : ✅ AYI analyzed - no signals (19385ms)
2026-04-10 13:43:17.480 DEBUG [scheduling-1] StrategyAnalysis : ✅ AZO analyzed - no signals (10113ms)
2026-04-10 13:43:27.962 DEBUG [scheduling-1] StrategyAnalysis : ✅ BA analyzed - no signals (10482ms)
2026-04-10 13:43:37.847 DEBUG [scheduling-1] StrategyAnalysis : ✅ BABA analyzed - no signals (9885ms)
2026-04-10 13:43:47.884 DEBUG [scheduling-1] StrategyAnalysis : ✅ BAC analyzed - no signals (10037ms)
2026-04-10 13:44:07.277 DEBUG [scheduling-1] StrategyAnalysis : ✅ BALL analyzed - no signals (19393ms)
2026-04-10 13:44:17.382 DEBUG [scheduling-1] StrategyAnalysis : ✅ BAX analyzed - no signals (10105ms)
2026-04-10 13:44:27.412 DEBUG [scheduling-1] StrategyAnalysis : ✅ BBWI analyzed - no signals (10030ms)
2026-04-10 13:44:37.512 DEBUG [scheduling-1] StrategyAnalysis : ✅ BBY analyzed - no signals (10100ms)
2026-04-10 13:44:47.986 DEBUG [scheduling-1] StrategyAnalysis : ✅ BDX analyzed - no signals (10472ms)
2026-04-10 13:45:07.272 DEBUG [scheduling-1] StrategyAnalysis : ✅ BEN analyzed - no signals (19286ms)
2026-04-10 13:45:17.425 DEBUG [scheduling-1] StrategyAnalysis : ✅ BG analyzed - no signals (10153ms)
2026-04-10 13:45:27.469 DEBUG [scheduling-1] StrategyAnalysis : ✅ BIIB analyzed - no signals (10044ms)
2026-04-10 13:45:37.304 DEBUG [scheduling-1] StrategyAnalysis : ✅ BIO analyzed - no signals (9835ms)
2026-04-10 13:45:47.444 DEBUG [scheduling-1] StrategyAnalysis : ✅ BITX analyzed - no signals (10140ms)
2026-04-10 13:46:07.237 DEBUG [scheduling-1] StrategyAnalysis : ✅ BK analyzed - no signals (19793ms)
2026-04-10 13:46:17.400 DEBUG [scheduling-1] StrategyAnalysis : ✅ BKNG analyzed - no signals (10163ms)
2026-04-10 13:46:27.549 DEBUG [scheduling-1] StrategyAnalysis : ✅ BKR analyzed - no signals (10149ms)
2026-04-10 13:46:37.792 DEBUG [scheduling-1] StrategyAnalysis : ✅ BLDR analyzed - no signals (10243ms)
2026-04-10 13:46:48.228 DEBUG [scheduling-1] StrategyAnalysis : ✅ BLK analyzed - no signals (10436ms)
2026-04-10 13:47:07.421 DEBUG [scheduling-1] StrategyAnalysis : ✅ BMY analyzed - no signals (19193ms)
2026-04-10 13:47:17.660 DEBUG [scheduling-1] StrategyAnalysis : ✅ BR analyzed - no signals (10239ms)
2026-04-10 13:47:27.496 DEBUG [scheduling-1] StrategyAnalysis : ✅ BSX analyzed - no signals (9836ms)
2026-04-10 13:47:37.534 DEBUG [scheduling-1] StrategyAnalysis : ✅ BWA analyzed - no signals (10038ms)
2026-04-10 13:47:47.570 DEBUG [scheduling-1] StrategyAnalysis : ✅ BX analyzed - no signals (10036ms)
2026-04-10 13:48:07.061 DEBUG [scheduling-1] StrategyAnalysis : ✅ BYND analyzed - no signals (19491ms)
2026-04-10 13:48:17.105 DEBUG [scheduling-1] StrategyAnalysis : ✅ C analyzed - no signals (10044ms)
2026-04-10 13:48:27.243 INFO  [scheduling-1] StrategyAnalysis : 🎯 SIGNAL: CAG triggered c6reversalcall at $15.54
2026-04-10 13:48:27.243 INFO  [scheduling-1] StrategyAnalysis : 📊 CAG analyzed - 1 signal(s) found (10138ms)
2026-04-10 13:48:27.243 INFO  [scheduling-1] StrategyAnalysis :    CAG CALL @ $15.54 - c6reversalcall (TP: $15.29, SL: $15.84)
2026-04-10 13:48:37.487 DEBUG [scheduling-1] StrategyAnalysis : ✅ CAH analyzed - no signals (10244ms)
2026-04-10 13:48:47.617 DEBUG [scheduling-1] StrategyAnalysis : ✅ CARR analyzed - no signals (10130ms)
2026-04-10 13:49:07.211 DEBUG [scheduling-1] StrategyAnalysis : ✅ CAT analyzed - no signals (19594ms)
2026-04-10 13:49:17.353 DEBUG [scheduling-1] StrategyAnalysis : ✅ CB analyzed - no signals (10142ms)
2026-04-10 13:49:27.289 INFO  [scheduling-1] StrategyAnalysis : 🎯 SIGNAL: CBOE triggered p6reversalput at $295.35
2026-04-10 13:49:27.289 INFO  [scheduling-1] StrategyAnalysis : 📊 CBOE analyzed - 1 signal(s) found (9936ms)
2026-04-10 13:49:27.289 INFO  [scheduling-1] StrategyAnalysis :    CBOE PUT @ $295.35 - p6reversalput (TP: $299.78, SL: $289.97)
2026-04-10 13:49:37.325 DEBUG [scheduling-1] StrategyAnalysis : ✅ CBRE analyzed - no signals (10036ms)
2026-04-10 13:49:47.968 DEBUG [scheduling-1] StrategyAnalysis : ✅ CCI analyzed - no signals (10643ms)
2026-04-10 13:50:07.272 DEBUG [scheduling-1] StrategyAnalysis : ✅ CCL analyzed - no signals (19304ms)
2026-04-10 13:50:17.413 DEBUG [scheduling-1] StrategyAnalysis : ✅ CDNS analyzed - no signals (10141ms)
2026-04-10 13:50:27.448 DEBUG [scheduling-1] StrategyAnalysis : ✅ CDW analyzed - no signals (10035ms)
2026-04-10 13:50:37.592 DEBUG [scheduling-1] StrategyAnalysis : ✅ CE analyzed - no signals (10144ms)
2026-04-10 13:50:47.732 INFO  [scheduling-1] StrategyAnalysis : 🎯 SIGNAL: CEG triggered p6reversalput at $280.15
2026-04-10 13:50:47.732 INFO  [scheduling-1] StrategyAnalysis : 📊 CEG analyzed - 1 signal(s) found (10140ms)
2026-04-10 13:50:47.732 INFO  [scheduling-1] StrategyAnalysis :    CEG PUT @ $280.15 - p6reversalput (TP: $284.35, SL: $272.06)
2026-04-10 14:30:13.119 DEBUG [scheduling-1] StrategyAnalysis : ✅ AAPL analyzed - no signals (11023ms)
2026-04-10 14:30:23.753 DEBUG [scheduling-1] StrategyAnalysis : ✅ AMD analyzed - no signals (10632ms)
2026-04-10 14:30:34.735 DEBUG [scheduling-1] StrategyAnalysis : ✅ AMZN analyzed - no signals (10982ms)
2026-04-10 14:30:44.950 DEBUG [scheduling-1] StrategyAnalysis : ✅ GOOGL analyzed - no signals (10213ms)
2026-04-10 14:30:55.361 DEBUG [scheduling-1] StrategyAnalysis : ✅ JNJ analyzed - no signals (10408ms)
2026-04-10 14:31:12.755 DEBUG [scheduling-1] StrategyAnalysis : ✅ JPM analyzed - no signals (17394ms)
2026-04-10 14:31:22.919 DEBUG [scheduling-1] StrategyAnalysis : ✅ META analyzed - no signals (10164ms)
2026-04-10 14:31:33.303 INFO  [scheduling-1] StrategyAnalysis : 🎯 SIGNAL: MSFT triggered c6reversalcall at $373.01
2026-04-10 14:31:33.304 INFO  [scheduling-1] StrategyAnalysis : 📊 MSFT analyzed - 1 signal(s) found (10385ms)
2026-04-10 14:31:33.304 INFO  [scheduling-1] StrategyAnalysis :    MSFT CALL @ $373.01 - c6reversalcall (TP: $367.41, SL: $379.15)
2026-04-10 14:31:43.699 DEBUG [scheduling-1] StrategyAnalysis : ✅ NVDA analyzed - no signals (10395ms)
2026-04-10 14:31:55.529 DEBUG [scheduling-1] StrategyAnalysis : ✅ QQQ analyzed - no signals (11830ms)
2026-04-10 14:32:12.694 DEBUG [scheduling-1] StrategyAnalysis : ✅ SPY analyzed - no signals (17165ms)
2026-04-10 14:32:22.671 DEBUG [scheduling-1] StrategyAnalysis : ✅ TSLA analyzed - no signals (9977ms)
2026-04-10 14:32:32.749 DEBUG [scheduling-1] StrategyAnalysis : ✅ V analyzed - no signals (10078ms)
2026-04-10 14:32:42.903 DEBUG [scheduling-1] StrategyAnalysis : ✅ XOM analyzed - no signals (10154ms)
2026-04-10 14:32:55.466 DEBUG [scheduling-1] StrategyAnalysis : ✅ A analyzed - no signals (12563ms)
2026-04-10 14:33:12.495 DEBUG [scheduling-1] StrategyAnalysis : ✅ AAL analyzed - no signals (17029ms)
2026-04-10 14:33:22.914 DEBUG [scheduling-1] StrategyAnalysis : ✅ ABBV analyzed - no signals (10419ms)
2026-04-10 14:33:32.753 DEBUG [scheduling-1] StrategyAnalysis : ✅ ABNB analyzed - no signals (9839ms)
2026-04-10 14:33:42.916 DEBUG [scheduling-1] StrategyAnalysis : ✅ ABT analyzed - no signals (10163ms)
2026-04-10 14:33:55.338 DEBUG [scheduling-1] StrategyAnalysis : ✅ ACGL analyzed - no signals (12422ms)
2026-04-10 14:34:12.686 DEBUG [scheduling-1] StrategyAnalysis : ✅ ACN analyzed - no signals (17348ms)
2026-04-10 14:34:22.751 DEBUG [scheduling-1] StrategyAnalysis : ✅ ADBE analyzed - no signals (10065ms)
2026-04-10 14:34:33.337 DEBUG [scheduling-1] StrategyAnalysis : ✅ ADI analyzed - no signals (10586ms)
2026-04-10 14:34:43.633 DEBUG [scheduling-1] StrategyAnalysis : ✅ ADM analyzed - no signals (10296ms)
2026-04-10 14:34:55.671 DEBUG [scheduling-1] StrategyAnalysis : ✅ ADP analyzed - no signals (12038ms)
2026-04-10 14:35:12.551 DEBUG [scheduling-1] StrategyAnalysis : ✅ ADSK analyzed - no signals (16880ms)
2026-04-10 14:35:22.949 DEBUG [scheduling-1] StrategyAnalysis : ✅ AEE analyzed - no signals (10398ms)
2026-04-10 14:35:33.107 DEBUG [scheduling-1] StrategyAnalysis : ✅ AEP analyzed - no signals (10158ms)
2026-04-10 14:35:43.295 DEBUG [scheduling-1] StrategyAnalysis : ✅ AES analyzed - no signals (10188ms)
2026-04-10 14:35:55.476 DEBUG [scheduling-1] StrategyAnalysis : ✅ AFG analyzed - no signals (12181ms)
2026-04-10 14:36:12.754 DEBUG [scheduling-1] StrategyAnalysis : ✅ AFL analyzed - no signals (17278ms)
2026-04-10 14:36:22.823 DEBUG [scheduling-1] StrategyAnalysis : ✅ AFRM analyzed - no signals (10069ms)
2026-04-10 14:36:32.890 DEBUG [scheduling-1] StrategyAnalysis : ✅ AIG analyzed - no signals (10067ms)
2026-04-10 14:36:43.147 DEBUG [scheduling-1] StrategyAnalysis : ✅ AIZ analyzed - no signals (10257ms)
2026-04-10 14:36:55.487 DEBUG [scheduling-1] StrategyAnalysis : ✅ AJG analyzed - no signals (12338ms)
2026-04-10 14:37:12.190 DEBUG [scheduling-1] StrategyAnalysis : ✅ AKAM analyzed - no signals (16703ms)
2026-04-10 14:37:22.578 DEBUG [scheduling-1] StrategyAnalysis : ✅ ALB analyzed - no signals (10388ms)
2026-04-10 14:37:32.416 INFO  [scheduling-1] StrategyAnalysis : 🎯 SIGNAL: ALGN triggered c2trendcall at $174.57
2026-04-10 14:37:32.416 INFO  [scheduling-1] StrategyAnalysis : 📊 ALGN analyzed - 1 signal(s) found (9838ms)
2026-04-10 14:37:32.416 INFO  [scheduling-1] StrategyAnalysis :    ALGN CALL @ $174.57 - c2trendcall (TP: $171.95, SL: $180.1)
2026-04-10 14:37:42.475 DEBUG [scheduling-1] StrategyAnalysis : ✅ ALL analyzed - no signals (10058ms)
2026-04-10 14:37:55.445 DEBUG [scheduling-1] StrategyAnalysis : ✅ ALLE analyzed - no signals (12970ms)
2026-04-10 14:38:12.716 DEBUG [scheduling-1] StrategyAnalysis : ✅ AMAT analyzed - no signals (17271ms)
2026-04-10 14:38:23.309 DEBUG [scheduling-1] StrategyAnalysis : ✅ AMCR analyzed - no signals (10593ms)
2026-04-10 14:38:33.503 DEBUG [scheduling-1] StrategyAnalysis : ✅ AMDL analyzed - no signals (10194ms)
2026-04-10 14:38:43.756 DEBUG [scheduling-1] StrategyAnalysis : ✅ AME analyzed - no signals (10253ms)
2026-04-10 14:39:07.411 DEBUG [scheduling-1] StrategyAnalysis : ✅ AMGN analyzed - no signals (23654ms)
2026-04-10 14:39:17.565 DEBUG [scheduling-1] StrategyAnalysis : ✅ AMP analyzed - no signals (10154ms)
2026-04-10 14:39:27.741 DEBUG [scheduling-1] StrategyAnalysis : ✅ AMT analyzed - no signals (10176ms)
2026-04-10 14:39:37.672 DEBUG [scheduling-1] StrategyAnalysis : ✅ ANET analyzed - no signals (9931ms)
2026-04-10 14:39:47.752 DEBUG [scheduling-1] StrategyAnalysis : ✅ AON analyzed - no signals (10080ms)
2026-04-10 14:40:07.483 DEBUG [scheduling-1] StrategyAnalysis : ✅ AOS analyzed - no signals (19731ms)
2026-04-10 14:40:17.863 DEBUG [scheduling-1] StrategyAnalysis : ✅ APA analyzed - no signals (10380ms)
2026-04-10 14:40:28.250 DEBUG [scheduling-1] StrategyAnalysis : ✅ APD analyzed - no signals (10387ms)
2026-04-10 14:40:38.385 DEBUG [scheduling-1] StrategyAnalysis : ✅ APH analyzed - no signals (10134ms)
2026-04-10 14:40:48.419 DEBUG [scheduling-1] StrategyAnalysis : ✅ APTV analyzed - no signals (10033ms)
2026-04-10 14:41:07.474 DEBUG [scheduling-1] StrategyAnalysis : ✅ ARE analyzed - no signals (19055ms)
2026-04-10 14:41:17.431 DEBUG [scheduling-1] StrategyAnalysis : ✅ ARKK analyzed - no signals (9947ms)
2026-04-10 14:41:27.514 DEBUG [scheduling-1] StrategyAnalysis : ✅ ARM analyzed - no signals (10083ms)
2026-04-10 14:41:37.761 DEBUG [scheduling-1] StrategyAnalysis : ✅ ATO analyzed - no signals (10246ms)
2026-04-10 14:41:47.766 DEBUG [scheduling-1] StrategyAnalysis : ✅ AVB analyzed - no signals (10005ms)
2026-04-10 14:42:07.471 DEBUG [scheduling-1] StrategyAnalysis : ✅ AVGO analyzed - no signals (19705ms)
2026-04-10 14:42:17.500 DEBUG [scheduling-1] StrategyAnalysis : ✅ AVY analyzed - no signals (10029ms)
2026-04-10 14:42:28.301 DEBUG [scheduling-1] StrategyAnalysis : ✅ AWK analyzed - no signals (10801ms)
2026-04-10 14:42:38.318 DEBUG [scheduling-1] StrategyAnalysis : ✅ AXON analyzed - no signals (10017ms)
2026-04-10 14:42:48.689 DEBUG [scheduling-1] StrategyAnalysis : ✅ AXP analyzed - no signals (10371ms)
2026-04-10 14:43:07.481 DEBUG [scheduling-1] StrategyAnalysis : ✅ AYI analyzed - no signals (18792ms)
2026-04-10 14:43:17.297 DEBUG [scheduling-1] StrategyAnalysis : ✅ AZO analyzed - no signals (9816ms)
2026-04-10 14:43:28.671 DEBUG [scheduling-1] StrategyAnalysis : ✅ BA analyzed - no signals (11374ms)
2026-04-10 14:43:38.702 DEBUG [scheduling-1] StrategyAnalysis : ✅ BABA analyzed - no signals (10031ms)
2026-04-10 14:43:48.974 DEBUG [scheduling-1] StrategyAnalysis : ✅ BAC analyzed - no signals (10272ms)
2026-04-10 14:44:07.495 DEBUG [scheduling-1] StrategyAnalysis : ✅ BALL analyzed - no signals (18521ms)
2026-04-10 14:44:17.762 DEBUG [scheduling-1] StrategyAnalysis : ✅ BAX analyzed - no signals (10266ms)
2026-04-10 14:44:28.022 DEBUG [scheduling-1] StrategyAnalysis : ✅ BBWI analyzed - no signals (10260ms)
2026-04-10 14:44:38.370 DEBUG [scheduling-1] StrategyAnalysis : ✅ BBY analyzed - no signals (10346ms)
2026-04-10 14:44:49.009 DEBUG [scheduling-1] StrategyAnalysis : ✅ BDX analyzed - no signals (10639ms)
2026-04-10 14:45:07.479 DEBUG [scheduling-1] StrategyAnalysis : ✅ BEN analyzed - no signals (18470ms)
2026-04-10 14:45:17.548 DEBUG [scheduling-1] StrategyAnalysis : ✅ BG analyzed - no signals (10069ms)
2026-04-10 14:45:27.597 DEBUG [scheduling-1] StrategyAnalysis : ✅ BIIB analyzed - no signals (10049ms)
2026-04-10 14:45:37.639 DEBUG [scheduling-1] StrategyAnalysis : ✅ BIO analyzed - no signals (10042ms)
2026-04-10 14:45:48.617 DEBUG [scheduling-1] StrategyAnalysis : ✅ BITX analyzed - no signals (10978ms)
2026-04-10 14:46:07.464 DEBUG [scheduling-1] StrategyAnalysis : ✅ BK analyzed - no signals (18847ms)
2026-04-10 14:46:17.815 DEBUG [scheduling-1] StrategyAnalysis : ✅ BKNG analyzed - no signals (10351ms)
2026-04-10 14:46:28.778 DEBUG [scheduling-1] StrategyAnalysis : ✅ BKR analyzed - no signals (10963ms)
2026-04-10 14:46:38.958 DEBUG [scheduling-1] StrategyAnalysis : ✅ BLDR analyzed - no signals (10180ms)
2026-04-10 14:46:49.510 DEBUG [scheduling-1] StrategyAnalysis : ✅ BLK analyzed - no signals (10551ms)
2026-04-10 14:47:07.603 DEBUG [scheduling-1] StrategyAnalysis : ✅ BMY analyzed - no signals (18093ms)
2026-04-10 14:47:17.894 DEBUG [scheduling-1] StrategyAnalysis : ✅ BR analyzed - no signals (10291ms)
2026-04-10 14:47:28.171 DEBUG [scheduling-1] StrategyAnalysis : ✅ BSX analyzed - no signals (10277ms)
2026-04-10 14:47:38.320 DEBUG [scheduling-1] StrategyAnalysis : ✅ BWA analyzed - no signals (10149ms)
2026-04-10 14:47:48.359 DEBUG [scheduling-1] StrategyAnalysis : ✅ BX analyzed - no signals (10039ms)
2026-04-10 14:48:07.360 DEBUG [scheduling-1] StrategyAnalysis : ✅ BYND analyzed - no signals (19001ms)
2026-04-10 14:48:17.918 DEBUG [scheduling-1] StrategyAnalysis : ✅ C analyzed - no signals (10558ms)
2026-04-10 14:48:28.072 INFO  [scheduling-1] StrategyAnalysis : 🎯 SIGNAL: CAG triggered c6reversalcall at $15.54
2026-04-10 14:48:28.073 INFO  [scheduling-1] StrategyAnalysis : 📊 CAG analyzed - 1 signal(s) found (10155ms)
2026-04-10 14:48:28.073 INFO  [scheduling-1] StrategyAnalysis :    CAG CALL @ $15.54 - c6reversalcall (TP: $15.29, SL: $15.84)
2026-04-10 14:48:38.212 DEBUG [scheduling-1] StrategyAnalysis : ✅ CAH analyzed - no signals (10139ms)
2026-04-10 14:48:49.161 DEBUG [scheduling-1] StrategyAnalysis : ✅ CARR analyzed - no signals (10949ms)
2026-04-10 15:16:37.466 DEBUG [main] StrategyAnalysis : ✅ AAPL analyzed - no signals (10685ms)
2026-04-10 15:16:47.925 DEBUG [main] StrategyAnalysis : ✅ AMD analyzed - no signals (10458ms)
2026-04-10 15:16:58.108 DEBUG [main] StrategyAnalysis : ✅ AMZN analyzed - no signals (10183ms)
2026-04-10 15:17:08.172 DEBUG [main] StrategyAnalysis : ✅ GOOGL analyzed - no signals (10064ms)
2026-04-10 15:17:20.248 DEBUG [main] StrategyAnalysis : ✅ JNJ analyzed - no signals (12076ms)
2026-04-10 15:17:37.672 DEBUG [main] StrategyAnalysis : ✅ JPM analyzed - no signals (17424ms)
2026-04-10 15:17:47.844 DEBUG [main] StrategyAnalysis : ✅ META analyzed - no signals (10172ms)
2026-04-10 15:17:58.312 INFO  [main] StrategyAnalysis : 🎯 SIGNAL: MSFT triggered c6reversalcall at $373.01
2026-04-10 15:17:58.312 INFO  [main] StrategyAnalysis : 📊 MSFT analyzed - 1 signal(s) found (10468ms)
2026-04-10 15:17:58.312 INFO  [main] StrategyAnalysis :    MSFT CALL @ $373.01 - c6reversalcall (TP: $367.41, SL: $379.15)
2026-04-10 15:18:08.770 DEBUG [main] StrategyAnalysis : ✅ NVDA analyzed - no signals (10458ms)
2026-04-10 15:18:20.232 DEBUG [main] StrategyAnalysis : ✅ QQQ analyzed - no signals (11462ms)
2026-04-10 15:18:37.635 DEBUG [main] StrategyAnalysis : ✅ SPY analyzed - no signals (17403ms)
2026-04-10 15:18:47.888 DEBUG [main] StrategyAnalysis : ✅ TSLA analyzed - no signals (10253ms)
2026-04-10 15:18:58.543 DEBUG [main] StrategyAnalysis : ✅ V analyzed - no signals (10655ms)
2026-04-10 15:19:08.704 DEBUG [main] StrategyAnalysis : ✅ XOM analyzed - no signals (10161ms)
2026-04-10 15:19:20.262 DEBUG [main] StrategyAnalysis : ✅ A analyzed - no signals (11558ms)
2026-04-10 15:19:37.265 DEBUG [main] StrategyAnalysis : ✅ AAL analyzed - no signals (17003ms)
2026-04-10 15:19:47.526 DEBUG [main] StrategyAnalysis : ✅ ABBV analyzed - no signals (10261ms)
2026-04-10 15:19:57.604 DEBUG [main] StrategyAnalysis : ✅ ABNB analyzed - no signals (10078ms)
2026-04-10 15:20:07.893 DEBUG [main] StrategyAnalysis : ✅ ABT analyzed - no signals (10289ms)
2026-04-10 15:20:20.179 DEBUG [main] StrategyAnalysis : ✅ ACGL analyzed - no signals (12286ms)
2026-04-10 15:20:37.517 DEBUG [main] StrategyAnalysis : ✅ ACN analyzed - no signals (17337ms)
2026-04-10 15:20:47.808 DEBUG [main] StrategyAnalysis : ✅ ADBE analyzed - no signals (10291ms)
2026-04-10 15:20:58.082 DEBUG [main] StrategyAnalysis : ✅ ADI analyzed - no signals (10274ms)
2026-04-10 15:21:08.336 DEBUG [main] StrategyAnalysis : ✅ ADM analyzed - no signals (10254ms)
2026-04-10 15:21:20.112 DEBUG [main] StrategyAnalysis : ✅ ADP analyzed - no signals (11776ms)
2026-04-10 15:21:37.211 DEBUG [main] StrategyAnalysis : ✅ ADSK analyzed - no signals (17099ms)
2026-04-10 15:21:47.264 DEBUG [main] StrategyAnalysis : ✅ AEE analyzed - no signals (10053ms)
2026-04-10 15:21:57.326 DEBUG [main] StrategyAnalysis : ✅ AEP analyzed - no signals (10062ms)
2026-04-10 15:22:07.577 DEBUG [main] StrategyAnalysis : ✅ AES analyzed - no signals (10251ms)
2026-04-10 15:22:20.349 DEBUG [main] StrategyAnalysis : ✅ AFG analyzed - no signals (12772ms)
2026-04-10 15:22:37.547 DEBUG [main] StrategyAnalysis : ✅ AFL analyzed - no signals (17198ms)
2026-04-10 15:22:47.602 DEBUG [main] StrategyAnalysis : ✅ AFRM analyzed - no signals (10055ms)
2026-04-10 15:22:57.963 DEBUG [main] StrategyAnalysis : ✅ AIG analyzed - no signals (10361ms)
2026-04-10 15:23:08.114 DEBUG [main] StrategyAnalysis : ✅ AIZ analyzed - no signals (10151ms)
2026-04-10 15:23:20.171 DEBUG [main] StrategyAnalysis : ✅ AJG analyzed - no signals (12057ms)
2026-04-10 15:23:36.954 DEBUG [main] StrategyAnalysis : ✅ AKAM analyzed - no signals (16783ms)
2026-04-10 15:23:47.002 DEBUG [main] StrategyAnalysis : ✅ ALB analyzed - no signals (10048ms)
2026-04-10 15:23:57.045 INFO  [main] StrategyAnalysis : 🎯 SIGNAL: ALGN triggered c2trendcall at $174.57
2026-04-10 15:23:57.046 INFO  [main] StrategyAnalysis : 📊 ALGN analyzed - 1 signal(s) found (10044ms)
2026-04-10 15:23:57.046 INFO  [main] StrategyAnalysis :    ALGN CALL @ $174.57 - c2trendcall (TP: $171.95, SL: $180.1)
2026-04-10 15:24:07.191 DEBUG [main] StrategyAnalysis : ✅ ALL analyzed - no signals (10145ms)
2026-04-10 15:24:20.050 DEBUG [main] StrategyAnalysis : ✅ ALLE analyzed - no signals (12859ms)
2026-04-10 15:24:37.237 DEBUG [main] StrategyAnalysis : ✅ AMAT analyzed - no signals (17187ms)
2026-04-10 15:24:47.986 DEBUG [main] StrategyAnalysis : ✅ AMCR analyzed - no signals (10749ms)
2026-04-10 15:24:58.035 DEBUG [main] StrategyAnalysis : ✅ AMDL analyzed - no signals (10049ms)
2026-04-10 15:25:08.288 DEBUG [main] StrategyAnalysis : ✅ AME analyzed - no signals (10252ms)
2026-04-10 15:25:32.118 DEBUG [main] StrategyAnalysis : ✅ AMGN analyzed - no signals (23830ms)
2026-04-10 15:25:42.474 DEBUG [main] StrategyAnalysis : ✅ AMP analyzed - no signals (10355ms)
2026-04-10 15:25:52.414 DEBUG [main] StrategyAnalysis : ✅ AMT analyzed - no signals (9940ms)
2026-04-10 15:26:02.257 DEBUG [main] StrategyAnalysis : ✅ ANET analyzed - no signals (9843ms)
2026-04-10 15:26:12.509 DEBUG [main] StrategyAnalysis : ✅ AON analyzed - no signals (10252ms)
2026-04-10 15:26:32.225 DEBUG [main] StrategyAnalysis : ✅ AOS analyzed - no signals (19716ms)
2026-04-10 15:26:42.569 DEBUG [main] StrategyAnalysis : ✅ APA analyzed - no signals (10344ms)
2026-04-10 15:26:52.715 DEBUG [main] StrategyAnalysis : ✅ APD analyzed - no signals (10146ms)
2026-04-10 15:27:02.970 DEBUG [main] StrategyAnalysis : ✅ APH analyzed - no signals (10255ms)
2026-04-10 15:27:13.015 DEBUG [main] StrategyAnalysis : ✅ APTV analyzed - no signals (10045ms)
2026-04-10 15:27:32.124 DEBUG [main] StrategyAnalysis : ✅ ARE analyzed - no signals (19109ms)
2026-04-10 15:27:41.977 DEBUG [main] StrategyAnalysis : ✅ ARKK analyzed - no signals (9852ms)
2026-04-10 15:27:51.732 DEBUG [main] StrategyAnalysis : ✅ ARM analyzed - no signals (9755ms)
2026-04-10 15:28:01.783 DEBUG [main] StrategyAnalysis : ✅ ATO analyzed - no signals (10051ms)
2026-04-10 15:28:12.227 DEBUG [main] StrategyAnalysis : ✅ AVB analyzed - no signals (10444ms)
2026-04-10 15:28:32.433 DEBUG [main] StrategyAnalysis : ✅ AVGO analyzed - no signals (20206ms)
2026-04-10 15:28:43.079 DEBUG [main] StrategyAnalysis : ✅ AVY analyzed - no signals (10646ms)
2026-04-10 15:28:53.222 DEBUG [main] StrategyAnalysis : ✅ AWK analyzed - no signals (10143ms)
2026-04-10 15:29:03.476 DEBUG [main] StrategyAnalysis : ✅ AXON analyzed - no signals (10254ms)
2026-04-10 15:29:13.829 DEBUG [main] StrategyAnalysis : ✅ AXP analyzed - no signals (10353ms)
2026-04-10 15:29:32.319 DEBUG [main] StrategyAnalysis : ✅ AYI analyzed - no signals (18490ms)
2026-04-10 15:29:42.464 DEBUG [main] StrategyAnalysis : ✅ AZO analyzed - no signals (10144ms)
2026-04-10 15:29:52.605 DEBUG [main] StrategyAnalysis : ✅ BA analyzed - no signals (10141ms)
2026-04-10 15:30:02.958 DEBUG [main] StrategyAnalysis : ✅ BABA analyzed - no signals (10353ms)
2026-04-10 15:30:14.245 DEBUG [scheduling-1] StrategyAnalysis : ✅ AAPL analyzed - no signals (12164ms)
2026-04-10 15:30:32.521 DEBUG [main] StrategyAnalysis : ✅ BAC analyzed - no signals (29563ms)
2026-04-10 15:30:37.151 DEBUG [scheduling-1] StrategyAnalysis : ✅ AMD analyzed - no signals (22906ms)
2026-04-10 15:30:44.276 DEBUG [main] StrategyAnalysis : ✅ BALL analyzed - no signals (11755ms)
2026-04-10 15:30:47.194 DEBUG [scheduling-1] StrategyAnalysis : ✅ AMZN analyzed - no signals (10042ms)
2026-04-10 15:31:08.107 DEBUG [main] StrategyAnalysis : ✅ BAX analyzed - no signals (23831ms)
2026-04-10 15:31:35.083 DEBUG [main] StrategyAnalysis : ✅ BBWI analyzed - no signals (26976ms)
2026-04-10 15:31:35.088 DEBUG [scheduling-1] StrategyAnalysis : ✅ GOOGL analyzed - no signals (47894ms)
2026-04-10 15:31:46.036 DEBUG [main] StrategyAnalysis : ✅ BBY analyzed - no signals (10951ms)
2026-04-10 15:31:46.145 DEBUG [scheduling-1] StrategyAnalysis : ✅ JNJ analyzed - no signals (11057ms)
2026-04-10 15:32:08.459 DEBUG [main] StrategyAnalysis : ✅ BDX analyzed - no signals (22423ms)
2026-04-10 15:32:38.465 DEBUG [main] StrategyAnalysis : ✅ AAPL analyzed - no signals (19282ms)
2026-04-10 15:32:48.523 DEBUG [main] StrategyAnalysis : ✅ AMD analyzed - no signals (10058ms)
2026-04-10 15:32:58.481 DEBUG [main] StrategyAnalysis : ✅ AMZN analyzed - no signals (9958ms)
2026-04-10 15:33:08.843 DEBUG [main] StrategyAnalysis : ✅ GOOGL analyzed - no signals (10362ms)
2026-04-10 15:33:32.183 DEBUG [main] StrategyAnalysis : ✅ JNJ analyzed - no signals (23340ms)
2026-04-10 15:33:42.347 DEBUG [main] StrategyAnalysis : ✅ JPM analyzed - no signals (10164ms)
2026-04-10 15:33:52.616 DEBUG [main] StrategyAnalysis : ✅ META analyzed - no signals (10269ms)
2026-04-10 15:34:03.187 INFO  [main] StrategyAnalysis : 🎯 SIGNAL: MSFT triggered c6reversalcall at $373.01
2026-04-10 15:34:03.187 INFO  [main] StrategyAnalysis : 📊 MSFT analyzed - 1 signal(s) found (10570ms)
2026-04-10 15:34:03.188 INFO  [main] StrategyAnalysis :    MSFT CALL @ $373.01 - c6reversalcall (TP: $367.41, SL: $379.15)
2026-04-10 15:34:13.338 DEBUG [main] StrategyAnalysis : ✅ NVDA analyzed - no signals (10150ms)
2026-04-10 15:34:32.241 DEBUG [main] StrategyAnalysis : ✅ QQQ analyzed - no signals (18901ms)
2026-04-10 15:34:42.500 DEBUG [main] StrategyAnalysis : ✅ SPY analyzed - no signals (10258ms)
2026-04-10 15:34:52.561 DEBUG [main] StrategyAnalysis : ✅ TSLA analyzed - no signals (10061ms)
2026-04-10 15:35:02.714 DEBUG [main] StrategyAnalysis : ✅ V analyzed - no signals (10153ms)
2026-04-10 15:35:13.067 DEBUG [main] StrategyAnalysis : ✅ XOM analyzed - no signals (10351ms)
2026-04-10 15:35:32.262 DEBUG [main] StrategyAnalysis : ✅ A analyzed - no signals (19195ms)
2026-04-10 15:35:42.109 DEBUG [main] StrategyAnalysis : ✅ AAL analyzed - no signals (9846ms)
2026-04-10 15:35:52.176 DEBUG [main] StrategyAnalysis : ✅ ABBV analyzed - no signals (10067ms)
2026-04-10 15:36:02.133 DEBUG [main] StrategyAnalysis : ✅ ABNB analyzed - no signals (9957ms)
2026-04-10 15:36:12.390 DEBUG [main] StrategyAnalysis : ✅ ABT analyzed - no signals (10257ms)
2026-04-10 15:36:32.205 DEBUG [main] StrategyAnalysis : ✅ ACGL analyzed - no signals (19815ms)
2026-04-10 15:36:42.660 DEBUG [main] StrategyAnalysis : ✅ ACN analyzed - no signals (10455ms)
2026-04-10 15:36:52.720 DEBUG [main] StrategyAnalysis : ✅ ADBE analyzed - no signals (10060ms)
2026-04-10 15:37:03.084 DEBUG [main] StrategyAnalysis : ✅ ADI analyzed - no signals (10364ms)
2026-04-10 15:37:13.454 DEBUG [main] StrategyAnalysis : ✅ ADM analyzed - no signals (10369ms)
2026-04-10 15:37:32.377 DEBUG [main] StrategyAnalysis : ✅ ADP analyzed - no signals (18923ms)
2026-04-10 15:37:42.348 DEBUG [main] StrategyAnalysis : ✅ ADSK analyzed - no signals (9971ms)
2026-04-10 15:37:52.502 DEBUG [main] StrategyAnalysis : ✅ AEE analyzed - no signals (10153ms)
2026-04-10 15:38:02.749 DEBUG [main] StrategyAnalysis : ✅ AEP analyzed - no signals (10246ms)
2026-04-10 15:38:12.799 DEBUG [main] StrategyAnalysis : ✅ AES analyzed - no signals (10050ms)
2026-04-10 15:38:32.215 DEBUG [main] StrategyAnalysis : ✅ AFG analyzed - no signals (19416ms)
2026-04-10 15:38:42.165 DEBUG [main] StrategyAnalysis : ✅ AFL analyzed - no signals (9950ms)
2026-04-10 15:38:51.919 DEBUG [main] StrategyAnalysis : ✅ AFRM analyzed - no signals (9754ms)
2026-04-10 15:39:01.868 DEBUG [main] StrategyAnalysis : ✅ AIG analyzed - no signals (9949ms)
2026-04-10 15:39:12.013 DEBUG [main] StrategyAnalysis : ✅ AIZ analyzed - no signals (10145ms)
2026-04-10 15:39:32.529 DEBUG [main] StrategyAnalysis : ✅ AJG analyzed - no signals (20516ms)
2026-04-10 15:39:42.273 DEBUG [main] StrategyAnalysis : ✅ AKAM analyzed - no signals (9744ms)
2026-04-10 15:39:52.333 DEBUG [main] StrategyAnalysis : ✅ ALB analyzed - no signals (10060ms)
2026-04-10 15:40:02.124 INFO  [main] StrategyAnalysis : 🎯 SIGNAL: ALGN triggered c2trendcall at $174.57
2026-04-10 15:40:02.125 INFO  [main] StrategyAnalysis : 📊 ALGN analyzed - 1 signal(s) found (9792ms)
2026-04-10 15:40:02.125 INFO  [main] StrategyAnalysis :    ALGN CALL @ $174.57 - c2trendcall (TP: $171.95, SL: $180.1)
2026-04-10 15:40:12.302 DEBUG [main] StrategyAnalysis : ✅ ALL analyzed - no signals (10177ms)
2026-04-10 15:40:32.424 DEBUG [main] StrategyAnalysis : ✅ ALLE analyzed - no signals (20122ms)
2026-04-10 15:40:42.682 DEBUG [main] StrategyAnalysis : ✅ AMAT analyzed - no signals (10258ms)
2026-04-10 15:40:52.853 DEBUG [main] StrategyAnalysis : ✅ AMCR analyzed - no signals (10171ms)
2026-04-10 15:41:02.720 DEBUG [main] StrategyAnalysis : ✅ AMDL analyzed - no signals (9867ms)
2026-04-10 15:41:12.790 DEBUG [main] StrategyAnalysis : ✅ AME analyzed - no signals (10069ms)
2026-04-10 15:41:35.127 DEBUG [main] StrategyAnalysis : ✅ AMGN analyzed - no signals (22337ms)
2026-04-10 15:41:45.184 DEBUG [main] StrategyAnalysis : ✅ AMP analyzed - no signals (10057ms)
2026-04-10 15:41:55.242 DEBUG [main] StrategyAnalysis : ✅ AMT analyzed - no signals (10058ms)
2026-04-10 15:42:05.195 DEBUG [main] StrategyAnalysis : ✅ ANET analyzed - no signals (9953ms)
2026-04-10 15:42:15.345 DEBUG [main] StrategyAnalysis : ✅ AON analyzed - no signals (10150ms)
2026-04-10 15:42:34.953 DEBUG [main] StrategyAnalysis : ✅ AOS analyzed - no signals (19607ms)
2026-04-10 16:28:28.796 DEBUG [main] StrategyAnalysis : ✅ AAPL analyzed - no signals (76ms)
2026-04-10 16:28:28.842 DEBUG [main] StrategyAnalysis : ✅ AMD analyzed - no signals (45ms)
2026-04-10 16:28:28.886 DEBUG [main] StrategyAnalysis : ✅ AMZN analyzed - no signals (44ms)
2026-04-10 16:28:29.096 DEBUG [main] StrategyAnalysis : ✅ GOOGL analyzed - no signals (209ms)
2026-04-10 16:28:29.182 DEBUG [main] StrategyAnalysis : ✅ JNJ analyzed - no signals (86ms)
2026-04-10 16:28:29.404 DEBUG [main] StrategyAnalysis : ✅ JPM analyzed - no signals (222ms)
2026-04-10 16:28:29.578 DEBUG [main] StrategyAnalysis : ✅ META analyzed - no signals (174ms)
2026-04-10 16:28:29.664 INFO  [main] StrategyAnalysis : 🎯 SIGNAL: MSFT triggered c6reversalcall at $373.01
2026-04-10 16:28:29.665 INFO  [main] StrategyAnalysis : 📊 MSFT analyzed - 1 signal(s) found (86ms)
2026-04-10 16:28:29.665 INFO  [main] StrategyAnalysis :    MSFT CALL @ $373.01 - c6reversalcall (TP: $367.41, SL: $379.15)
2026-04-10 16:28:29.709 DEBUG [main] StrategyAnalysis : ✅ NVDA analyzed - no signals (44ms)
2026-04-10 16:28:29.745 DEBUG [main] StrategyAnalysis : ✅ QQQ analyzed - no signals (36ms)
2026-04-10 16:28:29.804 DEBUG [main] StrategyAnalysis : ✅ SPY analyzed - no signals (59ms)
2026-04-10 16:28:29.871 DEBUG [main] StrategyAnalysis : ✅ TSLA analyzed - no signals (67ms)
2026-04-10 16:28:29.930 DEBUG [main] StrategyAnalysis : ✅ V analyzed - no signals (59ms)
2026-04-10 16:28:29.988 DEBUG [main] StrategyAnalysis : ✅ XOM analyzed - no signals (58ms)
2026-04-10 16:28:30.044 DEBUG [main] StrategyAnalysis : ✅ A analyzed - no signals (56ms)
2026-04-10 16:28:30.093 DEBUG [main] StrategyAnalysis : ✅ AAL analyzed - no signals (49ms)
2026-04-10 16:28:30.129 DEBUG [main] StrategyAnalysis : ✅ ABBV analyzed - no signals (36ms)
2026-04-10 16:28:30.171 DEBUG [main] StrategyAnalysis : ✅ ABNB analyzed - no signals (42ms)
2026-04-10 16:28:30.226 DEBUG [main] StrategyAnalysis : ✅ ABT analyzed - no signals (55ms)
2026-04-10 16:28:30.270 DEBUG [main] StrategyAnalysis : ✅ ACGL analyzed - no signals (44ms)
2026-04-10 16:28:30.317 DEBUG [main] StrategyAnalysis : ✅ ACN analyzed - no signals (46ms)
2026-04-10 16:28:30.360 DEBUG [main] StrategyAnalysis : ✅ ADBE analyzed - no signals (42ms)
2026-04-10 16:28:30.416 DEBUG [main] StrategyAnalysis : ✅ ADI analyzed - no signals (56ms)
2026-04-10 16:28:30.461 DEBUG [main] StrategyAnalysis : ✅ ADM analyzed - no signals (45ms)
2026-04-10 16:28:30.502 DEBUG [main] StrategyAnalysis : ✅ ADP analyzed - no signals (41ms)
2026-04-10 16:28:30.538 DEBUG [main] StrategyAnalysis : ✅ ADSK analyzed - no signals (36ms)
2026-04-10 16:28:30.573 DEBUG [main] StrategyAnalysis : ✅ AEE analyzed - no signals (35ms)
2026-04-10 16:28:30.627 DEBUG [main] StrategyAnalysis : ✅ AEP analyzed - no signals (54ms)
2026-04-10 16:28:30.680 DEBUG [main] StrategyAnalysis : ✅ AES analyzed - no signals (53ms)
2026-04-10 16:28:30.725 DEBUG [main] StrategyAnalysis : ✅ AFG analyzed - no signals (45ms)
2026-04-10 16:28:30.757 DEBUG [main] StrategyAnalysis : ✅ AFL analyzed - no signals (32ms)
2026-04-10 16:28:30.808 DEBUG [main] StrategyAnalysis : ✅ AFRM analyzed - no signals (51ms)
2026-04-10 16:28:30.869 DEBUG [main] StrategyAnalysis : ✅ AIG analyzed - no signals (61ms)
2026-04-10 16:28:30.908 DEBUG [main] StrategyAnalysis : ✅ AIZ analyzed - no signals (39ms)
2026-04-10 16:28:30.944 DEBUG [main] StrategyAnalysis : ✅ AJG analyzed - no signals (36ms)
2026-04-10 16:28:30.985 DEBUG [main] StrategyAnalysis : ✅ AKAM analyzed - no signals (41ms)
2026-04-10 16:28:31.036 DEBUG [main] StrategyAnalysis : ✅ ALB analyzed - no signals (50ms)
2026-04-10 16:28:31.082 INFO  [main] StrategyAnalysis : 🎯 SIGNAL: ALGN triggered c2trendcall at $174.57
2026-04-10 16:28:31.083 INFO  [main] StrategyAnalysis : 📊 ALGN analyzed - 1 signal(s) found (47ms)
2026-04-10 16:28:31.083 INFO  [main] StrategyAnalysis :    ALGN CALL @ $174.57 - c2trendcall (TP: $171.95, SL: $180.1)
2026-04-10 16:28:31.121 DEBUG [main] StrategyAnalysis : ✅ ALL analyzed - no signals (38ms)
2026-04-10 16:28:31.153 DEBUG [main] StrategyAnalysis : ✅ ALLE analyzed - no signals (32ms)
2026-04-10 16:28:31.193 DEBUG [main] StrategyAnalysis : ✅ AMAT analyzed - no signals (40ms)
2026-04-10 16:28:31.250 DEBUG [main] StrategyAnalysis : ✅ AMCR analyzed - no signals (57ms)
2026-04-10 16:28:31.300 DEBUG [main] StrategyAnalysis : ✅ AMDL analyzed - no signals (49ms)
2026-04-10 16:28:31.333 DEBUG [main] StrategyAnalysis : ✅ AME analyzed - no signals (32ms)
2026-04-10 16:28:31.369 DEBUG [main] StrategyAnalysis : ✅ AMGN analyzed - no signals (36ms)
2026-04-10 16:28:31.411 DEBUG [main] StrategyAnalysis : ✅ AMP analyzed - no signals (42ms)
2026-04-10 16:28:31.458 DEBUG [main] StrategyAnalysis : ✅ AMT analyzed - no signals (47ms)
2026-04-10 16:28:31.506 DEBUG [main] StrategyAnalysis : ✅ ANET analyzed - no signals (48ms)
2026-04-10 16:28:31.538 DEBUG [main] StrategyAnalysis : ✅ AON analyzed - no signals (32ms)
2026-04-10 16:28:31.570 DEBUG [main] StrategyAnalysis : ✅ AOS analyzed - no signals (32ms)
2026-04-10 16:28:31.619 DEBUG [main] StrategyAnalysis : ✅ APA analyzed - no signals (49ms)
2026-04-10 16:28:31.673 DEBUG [main] StrategyAnalysis : ✅ APD analyzed - no signals (54ms)
2026-04-10 16:28:31.721 DEBUG [main] StrategyAnalysis : ✅ APH analyzed - no signals (48ms)
2026-04-10 16:28:31.753 DEBUG [main] StrategyAnalysis : ✅ APTV analyzed - no signals (31ms)
2026-04-10 16:28:31.784 DEBUG [main] StrategyAnalysis : ✅ ARE analyzed - no signals (31ms)
2026-04-10 16:28:31.822 DEBUG [main] StrategyAnalysis : ✅ ARKK analyzed - no signals (38ms)
2026-04-10 16:28:31.863 DEBUG [main] StrategyAnalysis : ✅ ARM analyzed - no signals (41ms)
2026-04-10 16:28:31.902 DEBUG [main] StrategyAnalysis : ✅ ATO analyzed - no signals (39ms)
2026-04-10 16:28:31.942 DEBUG [main] StrategyAnalysis : ✅ AVB analyzed - no signals (40ms)
2026-04-10 16:28:31.976 DEBUG [main] StrategyAnalysis : ✅ AVGO analyzed - no signals (34ms)
2026-04-10 16:28:32.025 DEBUG [main] StrategyAnalysis : ✅ AVY analyzed - no signals (49ms)
2026-04-10 16:28:32.066 DEBUG [main] StrategyAnalysis : ✅ AWK analyzed - no signals (41ms)
2026-04-10 16:28:32.112 DEBUG [main] StrategyAnalysis : ✅ AXON analyzed - no signals (45ms)
2026-04-10 16:28:32.148 DEBUG [main] StrategyAnalysis : ✅ AXP analyzed - no signals (36ms)
2026-04-10 16:28:32.180 DEBUG [main] StrategyAnalysis : ✅ AYI analyzed - no signals (32ms)
2026-04-10 16:28:32.217 DEBUG [main] StrategyAnalysis : ✅ AZO analyzed - no signals (37ms)
2026-04-10 16:28:32.257 DEBUG [main] StrategyAnalysis : ✅ BA analyzed - no signals (40ms)
2026-04-10 16:28:32.296 DEBUG [main] StrategyAnalysis : ✅ BABA analyzed - no signals (39ms)
2026-04-10 16:28:32.332 DEBUG [main] StrategyAnalysis : ✅ BAC analyzed - no signals (36ms)
2026-04-10 16:28:32.366 DEBUG [main] StrategyAnalysis : ✅ BALL analyzed - no signals (34ms)
2026-04-10 16:28:32.400 DEBUG [main] StrategyAnalysis : ✅ BAX analyzed - no signals (34ms)
2026-04-10 16:28:32.451 DEBUG [main] StrategyAnalysis : ✅ BBWI analyzed - no signals (51ms)
2026-04-10 16:28:32.493 DEBUG [main] StrategyAnalysis : ✅ BBY analyzed - no signals (42ms)
2026-04-10 16:28:32.530 DEBUG [main] StrategyAnalysis : ✅ BDX analyzed - no signals (37ms)
2026-04-10 16:28:32.564 DEBUG [main] StrategyAnalysis : ✅ BEN analyzed - no signals (34ms)
2026-04-10 16:28:32.596 DEBUG [main] StrategyAnalysis : ✅ BG analyzed - no signals (32ms)
2026-04-10 16:28:32.642 DEBUG [main] StrategyAnalysis : ✅ BIIB analyzed - no signals (46ms)
2026-04-10 16:28:32.682 DEBUG [main] StrategyAnalysis : ✅ BIO analyzed - no signals (40ms)
2026-04-10 16:28:32.721 DEBUG [main] StrategyAnalysis : ✅ BITX analyzed - no signals (39ms)
2026-04-10 16:28:32.756 DEBUG [main] StrategyAnalysis : ✅ BK analyzed - no signals (35ms)
2026-04-10 16:28:32.787 DEBUG [main] StrategyAnalysis : ✅ BKNG analyzed - no signals (31ms)
2026-04-10 16:28:32.835 DEBUG [main] StrategyAnalysis : ✅ BKR analyzed - no signals (48ms)
2026-04-10 16:28:32.887 DEBUG [main] StrategyAnalysis : ✅ BLDR analyzed - no signals (52ms)
2026-04-10 16:28:32.928 DEBUG [main] StrategyAnalysis : ✅ BLK analyzed - no signals (41ms)
2026-04-10 16:28:32.962 DEBUG [main] StrategyAnalysis : ✅ BMY analyzed - no signals (34ms)
2026-04-10 16:28:32.997 DEBUG [main] StrategyAnalysis : ✅ BR analyzed - no signals (35ms)
2026-04-10 16:28:33.060 DEBUG [main] StrategyAnalysis : ✅ BSX analyzed - no signals (63ms)
2026-04-10 16:28:33.108 DEBUG [main] StrategyAnalysis : ✅ BWA analyzed - no signals (47ms)
2026-04-10 16:28:33.145 DEBUG [main] StrategyAnalysis : ✅ BX analyzed - no signals (37ms)
2026-04-10 16:28:33.178 DEBUG [main] StrategyAnalysis : ✅ BYND analyzed - no signals (33ms)
2026-04-10 16:28:33.212 DEBUG [main] StrategyAnalysis : ✅ C analyzed - no signals (34ms)
2026-04-10 16:28:33.255 INFO  [main] StrategyAnalysis : 🎯 SIGNAL: CAG triggered c6reversalcall at $15.54
2026-04-10 16:28:33.255 INFO  [main] StrategyAnalysis : 📊 CAG analyzed - 1 signal(s) found (43ms)
2026-04-10 16:28:33.255 INFO  [main] StrategyAnalysis :    CAG CALL @ $15.54 - c6reversalcall (TP: $15.29, SL: $15.84)
2026-04-10 16:28:33.295 DEBUG [main] StrategyAnalysis : ✅ CAH analyzed - no signals (40ms)
2026-04-10 16:28:33.336 DEBUG [main] StrategyAnalysis : ✅ CARR analyzed - no signals (41ms)
2026-04-10 16:28:33.369 DEBUG [main] StrategyAnalysis : ✅ CAT analyzed - no signals (33ms)
2026-04-10 16:28:33.406 DEBUG [main] StrategyAnalysis : ✅ CB analyzed - no signals (37ms)
2026-04-10 16:28:33.455 INFO  [main] StrategyAnalysis : 🎯 SIGNAL: CBOE triggered p6reversalput at $295.35
2026-04-10 16:28:33.455 INFO  [main] StrategyAnalysis : 📊 CBOE analyzed - 1 signal(s) found (49ms)
2026-04-10 16:28:33.455 INFO  [main] StrategyAnalysis :    CBOE PUT @ $295.35 - p6reversalput (TP: $299.78, SL: $289.97)
2026-04-10 16:28:33.515 DEBUG [main] StrategyAnalysis : ✅ CBRE analyzed - no signals (60ms)
2026-04-10 16:28:33.559 DEBUG [main] StrategyAnalysis : ✅ CCI analyzed - no signals (43ms)
2026-04-10 16:28:33.601 DEBUG [main] StrategyAnalysis : ✅ CCL analyzed - no signals (42ms)
2026-04-10 16:28:33.641 DEBUG [main] StrategyAnalysis : ✅ CDNS analyzed - no signals (40ms)
2026-04-10 16:28:33.683 DEBUG [main] StrategyAnalysis : ✅ CDW analyzed - no signals (42ms)
2026-04-10 16:28:33.734 DEBUG [main] StrategyAnalysis : ✅ CE analyzed - no signals (51ms)
2026-04-10 16:28:33.774 INFO  [main] StrategyAnalysis : 🎯 SIGNAL: CEG triggered p6reversalput at $280.15
2026-04-10 16:28:33.774 INFO  [main] StrategyAnalysis : 📊 CEG analyzed - 1 signal(s) found (40ms)
2026-04-10 16:28:33.774 INFO  [main] StrategyAnalysis :    CEG PUT @ $280.15 - p6reversalput (TP: $284.35, SL: $272.06)
2026-04-10 16:28:33.813 DEBUG [main] StrategyAnalysis : ✅ CF analyzed - no signals (39ms)
2026-04-10 16:28:33.860 DEBUG [main] StrategyAnalysis : ✅ CFG analyzed - no signals (47ms)
2026-04-10 16:28:33.903 DEBUG [main] StrategyAnalysis : ✅ CHD analyzed - no signals (43ms)
2026-04-10 16:28:33.938 DEBUG [main] StrategyAnalysis : ✅ CHRW analyzed - no signals (35ms)
2026-04-10 16:28:33.969 DEBUG [main] StrategyAnalysis : ✅ CHTR analyzed - no signals (31ms)
2026-04-10 16:28:34.005 DEBUG [main] StrategyAnalysis : ✅ CI analyzed - no signals (36ms)
2026-04-10 16:28:34.039 DEBUG [main] StrategyAnalysis : ✅ CINF analyzed - no signals (34ms)
2026-04-10 16:28:34.077 DEBUG [main] StrategyAnalysis : ✅ CL analyzed - no signals (38ms)
2026-04-10 16:28:34.113 DEBUG [main] StrategyAnalysis : ✅ CLX analyzed - no signals (36ms)
2026-04-10 16:28:34.148 DEBUG [main] StrategyAnalysis : ✅ CMCSA analyzed - no signals (35ms)
2026-04-10 16:28:34.179 DEBUG [main] StrategyAnalysis : ✅ CME analyzed - no signals (31ms)
2026-04-10 16:28:34.212 DEBUG [main] StrategyAnalysis : ✅ CMG analyzed - no signals (33ms)
2026-04-10 16:28:34.252 DEBUG [main] StrategyAnalysis : ✅ CMI analyzed - no signals (40ms)
2026-04-10 16:28:34.284 DEBUG [main] StrategyAnalysis : ✅ CMS analyzed - no signals (32ms)
2026-04-10 16:28:34.313 DEBUG [main] StrategyAnalysis : ✅ CNC analyzed - no signals (29ms)
2026-04-10 16:28:34.344 DEBUG [main] StrategyAnalysis : ✅ CNP analyzed - no signals (31ms)
2026-04-10 16:28:34.376 DEBUG [main] StrategyAnalysis : ✅ COF analyzed - no signals (32ms)
2026-04-10 16:28:34.415 DEBUG [main] StrategyAnalysis : ✅ COIN analyzed - no signals (39ms)
2026-04-10 16:28:34.454 DEBUG [main] StrategyAnalysis : ✅ COO analyzed - no signals (39ms)
2026-04-10 16:28:34.489 DEBUG [main] StrategyAnalysis : ✅ COP analyzed - no signals (35ms)
2026-04-10 16:28:34.520 DEBUG [main] StrategyAnalysis : ✅ COR analyzed - no signals (31ms)
2026-04-10 16:28:34.551 DEBUG [main] StrategyAnalysis : ✅ COST analyzed - no signals (31ms)
2026-04-10 16:28:34.581 DEBUG [main] StrategyAnalysis : ✅ CPAY analyzed - no signals (29ms)
2026-04-10 16:28:34.614 DEBUG [main] StrategyAnalysis : ✅ CPB analyzed - no signals (32ms)
2026-04-10 16:28:34.652 DEBUG [main] StrategyAnalysis : ✅ CPRT analyzed - no signals (38ms)
2026-04-10 16:28:34.689 DEBUG [main] StrategyAnalysis : ✅ CPT analyzed - no signals (37ms)
2026-04-10 16:28:34.720 DEBUG [main] StrategyAnalysis : ✅ CRL analyzed - no signals (31ms)
2026-04-10 16:28:34.752 DEBUG [main] StrategyAnalysis : ✅ CRM analyzed - no signals (32ms)
2026-04-10 16:28:34.784 DEBUG [main] StrategyAnalysis : ✅ CRWD analyzed - no signals (32ms)
2026-04-10 16:28:34.817 DEBUG [main] StrategyAnalysis : ✅ CSGP analyzed - no signals (33ms)
2026-04-10 16:28:34.859 DEBUG [main] StrategyAnalysis : ✅ CSX analyzed - no signals (42ms)
2026-04-10 16:28:34.894 INFO  [main] StrategyAnalysis : 🎯 SIGNAL: CTAS triggered c2trendcall at $174.15
2026-04-10 16:28:34.894 INFO  [main] StrategyAnalysis : 📊 CTAS analyzed - 1 signal(s) found (35ms)
2026-04-10 16:28:34.894 INFO  [main] StrategyAnalysis :    CTAS CALL @ $174.15 - c2trendcall (TP: $171.54, SL: $176.87)
2026-04-10 16:28:34.927 DEBUG [main] StrategyAnalysis : ✅ CTRA analyzed - no signals (33ms)
2026-04-10 16:28:34.965 DEBUG [main] StrategyAnalysis : ✅ CTSH analyzed - no signals (38ms)
2026-04-10 16:28:35.081 DEBUG [main] StrategyAnalysis : ✅ CTVA analyzed - no signals (116ms)
2026-04-10 16:28:35.181 DEBUG [main] StrategyAnalysis : ✅ CVNA analyzed - no signals (100ms)
2026-04-10 16:28:35.253 DEBUG [main] StrategyAnalysis : ✅ CVS analyzed - no signals (72ms)
2026-04-10 16:28:35.294 DEBUG [main] StrategyAnalysis : ✅ CVX analyzed - no signals (41ms)
2026-04-10 16:28:35.331 DEBUG [main] StrategyAnalysis : ✅ CZR analyzed - no signals (37ms)
2026-04-10 16:28:35.369 INFO  [main] StrategyAnalysis : 🎯 SIGNAL: D triggered c1squeezecall at $63.22
2026-04-10 16:28:35.370 INFO  [main] StrategyAnalysis : 🎯 SIGNAL: D triggered c2trendcall at $63.22
2026-04-10 16:28:35.370 INFO  [main] StrategyAnalysis : 📊 D analyzed - 2 signal(s) found (39ms)
2026-04-10 16:28:35.370 INFO  [main] StrategyAnalysis :    D CALL @ $63.22 - c1squeezecall (TP: $62.33, SL: $63.93)
2026-04-10 16:28:35.370 INFO  [main] StrategyAnalysis :    D CALL @ $63.22 - c2trendcall (TP: $62.33, SL: $63.93)
2026-04-10 16:28:35.413 DEBUG [main] StrategyAnalysis : ✅ DAL analyzed - no signals (43ms)
2026-04-10 16:28:35.456 INFO  [main] StrategyAnalysis : 🎯 SIGNAL: DD triggered c1squeezecall at $47.87
2026-04-10 16:28:35.456 INFO  [main] StrategyAnalysis : 📊 DD analyzed - 1 signal(s) found (43ms)
2026-04-10 16:28:35.456 INFO  [main] StrategyAnalysis :    DD CALL @ $47.87 - c1squeezecall (TP: $47.15, SL: $48.87)
2026-04-10 16:28:35.503 DEBUG [main] StrategyAnalysis : ✅ DDOG analyzed - no signals (47ms)
2026-04-10 16:28:35.542 INFO  [main] StrategyAnalysis : 🎯 SIGNAL: DE triggered c1squeezecall at $609.39
2026-04-10 16:28:35.542 INFO  [main] StrategyAnalysis : 📊 DE analyzed - 1 signal(s) found (39ms)
2026-04-10 16:28:35.542 INFO  [main] StrategyAnalysis :    DE CALL @ $609.39 - c1squeezecall (TP: $600.25, SL: $619.96)
2026-04-10 16:28:35.580 DEBUG [main] StrategyAnalysis : ✅ DECK analyzed - no signals (38ms)
2026-04-10 16:28:35.615 DEBUG [main] StrategyAnalysis : ✅ DELL analyzed - no signals (35ms)
2026-04-10 16:28:35.651 DEBUG [main] StrategyAnalysis : ✅ DG analyzed - no signals (36ms)
2026-04-10 16:28:35.701 DEBUG [main] StrategyAnalysis : ✅ DGX analyzed - no signals (50ms)
2026-04-10 16:28:35.738 DEBUG [main] StrategyAnalysis : ✅ DHI analyzed - no signals (37ms)
2026-04-10 16:28:35.774 DEBUG [main] StrategyAnalysis : ✅ DHR analyzed - no signals (36ms)
2026-04-10 16:28:35.810 DEBUG [main] StrategyAnalysis : ✅ DIA analyzed - no signals (36ms)
2026-04-10 16:28:35.847 INFO  [main] StrategyAnalysis : 🎯 SIGNAL: DIS triggered c1squeezecall at $99.18
2026-04-10 16:28:35.847 INFO  [main] StrategyAnalysis : 📊 DIS analyzed - 1 signal(s) found (37ms)
2026-04-10 16:28:35.847 INFO  [main] StrategyAnalysis :    DIS CALL @ $99.18 - c1squeezecall (TP: $97.69, SL: $100.52)
2026-04-10 16:28:35.907 DEBUG [main] StrategyAnalysis : ✅ DLR analyzed - no signals (60ms)
2026-04-10 16:28:35.945 DEBUG [main] StrategyAnalysis : ✅ DLTR analyzed - no signals (38ms)
2026-04-10 16:28:35.981 DEBUG [main] StrategyAnalysis : ✅ DOC analyzed - no signals (35ms)
2026-04-10 16:28:36.018 DEBUG [main] StrategyAnalysis : ✅ DOV analyzed - no signals (36ms)
2026-04-10 16:28:36.056 DEBUG [main] StrategyAnalysis : ✅ DOW analyzed - no signals (38ms)
2026-04-10 16:28:36.112 DEBUG [main] StrategyAnalysis : ✅ DPZ analyzed - no signals (56ms)
2026-04-10 16:28:36.154 DEBUG [main] StrategyAnalysis : ✅ DRI analyzed - no signals (42ms)
2026-04-10 16:28:36.193 DEBUG [main] StrategyAnalysis : ✅ DTE analyzed - no signals (38ms)
2026-04-10 16:28:36.236 DEBUG [main] StrategyAnalysis : ✅ DUK analyzed - no signals (43ms)
2026-04-10 16:28:36.274 DEBUG [main] StrategyAnalysis : ✅ DVA analyzed - no signals (38ms)
2026-04-10 16:28:36.327 DEBUG [main] StrategyAnalysis : ✅ DVN analyzed - no signals (53ms)
2026-04-10 16:28:36.367 DEBUG [main] StrategyAnalysis : ✅ DXCM analyzed - no signals (40ms)
2026-04-10 16:28:36.412 DEBUG [main] StrategyAnalysis : ✅ EA analyzed - no signals (45ms)
2026-04-10 16:28:36.453 DEBUG [main] StrategyAnalysis : ✅ EBAY analyzed - no signals (41ms)
2026-04-10 16:28:36.496 DEBUG [main] StrategyAnalysis : ✅ ECL analyzed - no signals (43ms)
2026-04-10 16:28:36.546 DEBUG [main] StrategyAnalysis : ✅ ED analyzed - no signals (49ms)
2026-04-10 16:28:36.598 DEBUG [main] StrategyAnalysis : ✅ EFX analyzed - no signals (52ms)
2026-04-10 16:28:36.646 DEBUG [main] StrategyAnalysis : ✅ EG analyzed - no signals (48ms)
2026-04-10 16:28:36.704 INFO  [main] StrategyAnalysis : 🎯 SIGNAL: EIX triggered c1squeezecall at $74.38
2026-04-10 16:28:36.705 INFO  [main] StrategyAnalysis : 📊 EIX analyzed - 1 signal(s) found (59ms)
2026-04-10 16:28:36.705 INFO  [main] StrategyAnalysis :    EIX CALL @ $74.38 - c1squeezecall (TP: $73.26, SL: $75.4)
2026-04-10 16:28:36.755 DEBUG [main] StrategyAnalysis : ✅ EL analyzed - no signals (50ms)
2026-04-10 16:28:36.801 DEBUG [main] StrategyAnalysis : ✅ ELV analyzed - no signals (46ms)
2026-04-10 16:28:36.846 DEBUG [main] StrategyAnalysis : ✅ EMN analyzed - no signals (45ms)
2026-04-10 16:28:36.895 DEBUG [main] StrategyAnalysis : ✅ EMR analyzed - no signals (49ms)
2026-04-10 16:28:36.949 DEBUG [main] StrategyAnalysis : ✅ ENPH analyzed - no signals (54ms)
2026-04-10 16:28:36.995 DEBUG [main] StrategyAnalysis : ✅ EOG analyzed - no signals (45ms)
2026-04-10 16:28:37.040 DEBUG [main] StrategyAnalysis : ✅ EPAM analyzed - no signals (45ms)
2026-04-10 16:28:37.087 DEBUG [main] StrategyAnalysis : ✅ EQIX analyzed - no signals (47ms)
2026-04-10 16:28:37.140 INFO  [main] StrategyAnalysis : 🎯 SIGNAL: EQT triggered c3bouncecall at $60.19
2026-04-10 16:28:37.140 INFO  [main] StrategyAnalysis : 📊 EQT analyzed - 1 signal(s) found (52ms)
2026-04-10 16:28:37.140 INFO  [main] StrategyAnalysis :    EQT CALL @ $60.19 - c3bouncecall (TP: $59.29, SL: $61.44)
2026-04-10 16:28:37.189 DEBUG [main] StrategyAnalysis : ✅ ERIE analyzed - no signals (49ms)
2026-04-10 16:28:37.235 DEBUG [main] StrategyAnalysis : ✅ ES analyzed - no signals (46ms)
2026-04-10 16:28:37.288 DEBUG [main] StrategyAnalysis : ✅ ESS analyzed - no signals (53ms)
2026-04-10 16:28:37.341 DEBUG [main] StrategyAnalysis : ✅ ETN analyzed - no signals (53ms)
2026-04-10 16:28:37.387 DEBUG [main] StrategyAnalysis : ✅ ETR analyzed - no signals (46ms)
2026-04-10 16:28:37.438 DEBUG [main] StrategyAnalysis : ✅ ETSY analyzed - no signals (51ms)
2026-04-10 16:28:37.489 INFO  [main] StrategyAnalysis : 🎯 SIGNAL: EVRG triggered c1squeezecall at $83.45
2026-04-10 16:28:37.490 INFO  [main] StrategyAnalysis : 🎯 SIGNAL: EVRG triggered c2trendcall at $83.45
2026-04-10 16:28:37.491 INFO  [main] StrategyAnalysis : 📊 EVRG analyzed - 2 signal(s) found (53ms)
2026-04-10 16:28:37.491 INFO  [main] StrategyAnalysis :    EVRG CALL @ $83.45 - c1squeezecall (TP: $82.49, SL: $84.22)
2026-04-10 16:28:37.491 INFO  [main] StrategyAnalysis :    EVRG CALL @ $83.45 - c2trendcall (TP: $82.49, SL: $84.22)
2026-04-10 16:28:37.543 DEBUG [main] StrategyAnalysis : ✅ EW analyzed - no signals (52ms)
2026-04-10 16:28:37.590 INFO  [main] StrategyAnalysis : 🎯 SIGNAL: EXC triggered c3bouncecall at $49.2
2026-04-10 16:28:37.590 INFO  [main] StrategyAnalysis : 📊 EXC analyzed - 1 signal(s) found (47ms)
2026-04-10 16:28:37.590 INFO  [main] StrategyAnalysis :    EXC CALL @ $49.2 - c3bouncecall (TP: $48.53, SL: $49.74)
2026-04-10 16:28:37.635 DEBUG [main] StrategyAnalysis : ✅ EXPD analyzed - no signals (45ms)
2026-04-10 16:28:37.684 DEBUG [main] StrategyAnalysis : ✅ EXPE analyzed - no signals (49ms)
2026-04-10 16:28:37.736 DEBUG [main] StrategyAnalysis : ✅ EXR analyzed - no signals (52ms)
2026-04-10 16:28:37.783 DEBUG [main] StrategyAnalysis : ✅ F analyzed - no signals (47ms)
2026-04-10 16:28:37.830 DEBUG [main] StrategyAnalysis : ✅ FANG analyzed - no signals (47ms)
2026-04-10 16:28:37.875 INFO  [main] StrategyAnalysis : 🎯 SIGNAL: FAST triggered c1squeezecall at $48.2
2026-04-10 16:28:37.875 INFO  [main] StrategyAnalysis : 📊 FAST analyzed - 1 signal(s) found (45ms)
2026-04-10 16:28:37.875 INFO  [main] StrategyAnalysis :    FAST CALL @ $48.2 - c1squeezecall (TP: $47.48, SL: $49.05)
2026-04-10 16:28:37.922 DEBUG [main] StrategyAnalysis : ✅ FCX analyzed - no signals (47ms)
2026-04-10 16:28:37.969 DEBUG [main] StrategyAnalysis : ✅ FDS analyzed - no signals (47ms)
2026-04-10 16:28:38.016 INFO  [main] StrategyAnalysis : 🎯 SIGNAL: FDX triggered c1squeezecall at $373.44
2026-04-10 16:28:38.016 INFO  [main] StrategyAnalysis : 📊 FDX analyzed - 1 signal(s) found (47ms)
2026-04-10 16:28:38.016 INFO  [main] StrategyAnalysis :    FDX CALL @ $373.44 - c1squeezecall (TP: $367.84, SL: $380.28)
2026-04-10 16:28:38.060 DEBUG [main] StrategyAnalysis : ✅ FE analyzed - no signals (44ms)
2026-04-10 16:28:38.108 DEBUG [main] StrategyAnalysis : ✅ FFIV analyzed - no signals (48ms)
2026-04-10 16:28:38.158 DEBUG [main] StrategyAnalysis : ✅ FICO analyzed - no signals (50ms)
2026-04-10 16:28:38.203 DEBUG [main] StrategyAnalysis : ✅ FIS analyzed - no signals (45ms)
2026-04-10 16:28:38.249 DEBUG [main] StrategyAnalysis : ✅ FITB analyzed - no signals (46ms)
2026-04-10 16:28:38.294 DEBUG [main] StrategyAnalysis : ✅ FMC analyzed - no signals (45ms)
2026-04-10 16:28:38.357 DEBUG [main] StrategyAnalysis : ✅ FOX analyzed - no signals (63ms)
2026-04-10 16:28:38.407 DEBUG [main] StrategyAnalysis : ✅ FOXA analyzed - no signals (50ms)
2026-04-10 16:28:38.459 DEBUG [main] StrategyAnalysis : ✅ FRT analyzed - no signals (52ms)
2026-04-10 16:28:38.504 DEBUG [main] StrategyAnalysis : ✅ FSLR analyzed - no signals (45ms)
2026-04-10 16:28:38.554 DEBUG [main] StrategyAnalysis : ✅ FTNT analyzed - no signals (50ms)
2026-04-10 16:28:38.601 INFO  [main] StrategyAnalysis : 🎯 SIGNAL: FTV triggered c1squeezecall at $59.38
2026-04-10 16:28:38.602 INFO  [main] StrategyAnalysis : 📊 FTV analyzed - 1 signal(s) found (48ms)
2026-04-10 16:28:38.602 INFO  [main] StrategyAnalysis :    FTV CALL @ $59.38 - c1squeezecall (TP: $58.49, SL: $60.37)
2026-04-10 16:28:38.647 INFO  [main] StrategyAnalysis : 🎯 SIGNAL: GD triggered c6reversalcall at $350.11
2026-04-10 16:28:38.647 INFO  [main] StrategyAnalysis : 📊 GD analyzed - 1 signal(s) found (45ms)
2026-04-10 16:28:38.647 INFO  [main] StrategyAnalysis :    GD CALL @ $350.11 - c6reversalcall (TP: $344.86, SL: $354.64)
2026-04-10 16:28:38.692 DEBUG [main] StrategyAnalysis : ✅ GE analyzed - no signals (45ms)
2026-04-10 16:28:38.744 DEBUG [main] StrategyAnalysis : ✅ GEHC analyzed - no signals (52ms)
2026-04-10 16:28:38.794 DEBUG [main] StrategyAnalysis : ✅ GEN analyzed - no signals (50ms)
2026-04-10 16:28:38.860 DEBUG [main] StrategyAnalysis : ✅ GEV analyzed - no signals (66ms)
2026-04-10 16:28:38.919 INFO  [main] StrategyAnalysis : 🎯 SIGNAL: GILD triggered c1squeezecall at $141.52
2026-04-10 16:28:38.919 INFO  [main] StrategyAnalysis : 📊 GILD analyzed - 1 signal(s) found (59ms)
2026-04-10 16:28:38.920 INFO  [main] StrategyAnalysis :    GILD CALL @ $141.52 - c1squeezecall (TP: $139.4, SL: $143.67)
2026-04-10 16:28:38.986 DEBUG [main] StrategyAnalysis : ✅ GIS analyzed - no signals (66ms)
2026-04-10 16:28:39.039 DEBUG [main] StrategyAnalysis : ✅ GL analyzed - no signals (53ms)
2026-04-10 16:28:39.091 DEBUG [main] StrategyAnalysis : ✅ GLW analyzed - no signals (52ms)
2026-04-10 16:28:39.145 DEBUG [main] StrategyAnalysis : ✅ GM analyzed - no signals (54ms)
2026-04-10 16:28:39.198 DEBUG [main] StrategyAnalysis : ✅ GNRC analyzed - no signals (53ms)
2026-04-10 16:28:39.250 DEBUG [main] StrategyAnalysis : ✅ GOOG analyzed - no signals (52ms)
2026-04-10 16:28:39.298 DEBUG [main] StrategyAnalysis : ✅ GPN analyzed - no signals (48ms)
2026-04-10 16:28:39.354 DEBUG [main] StrategyAnalysis : ✅ GRMN analyzed - no signals (55ms)
2026-04-10 16:28:39.405 DEBUG [main] StrategyAnalysis : ✅ GS analyzed - no signals (51ms)
2026-04-10 16:28:39.463 DEBUG [main] StrategyAnalysis : ✅ GWW analyzed - no signals (58ms)
2026-04-10 16:28:39.532 DEBUG [main] StrategyAnalysis : ✅ HAL analyzed - no signals (69ms)
2026-04-10 16:28:39.641 DEBUG [main] StrategyAnalysis : ✅ HAS analyzed - no signals (109ms)
2026-04-10 16:28:39.844 DEBUG [main] StrategyAnalysis : ✅ HBAN analyzed - no signals (194ms)
2026-04-10 17:19:12.476 DEBUG [main] StrategyAnalysis : ✅ AAPL analyzed - no signals (1692ms)
2026-04-10 17:19:17.443 DEBUG [main] StrategyAnalysis : ✅ AMD analyzed - no signals (4967ms)
2026-04-10 17:19:24.034 DEBUG [main] StrategyAnalysis : ✅ AMZN analyzed - no signals (6590ms)
2026-04-10 17:19:35.441 DEBUG [main] StrategyAnalysis : ✅ GOOGL analyzed - no signals (11407ms)
2026-04-10 17:19:59.621 DEBUG [main] StrategyAnalysis : ✅ JNJ analyzed - no signals (24180ms)
2026-04-10 17:20:12.754 DEBUG [main] StrategyAnalysis : ✅ JPM analyzed - no signals (13133ms)
2026-04-10 17:20:17.427 DEBUG [main] StrategyAnalysis : ✅ META analyzed - no signals (4673ms)
2026-04-10 17:20:24.111 DEBUG [main] StrategyAnalysis : ✅ MSFT analyzed - no signals (6684ms)
2026-04-10 17:20:35.421 DEBUG [main] StrategyAnalysis : ✅ NVDA analyzed - no signals (11310ms)
2026-04-10 17:20:59.752 DEBUG [main] StrategyAnalysis : ✅ QQQ analyzed - no signals (24331ms)
2026-04-10 17:21:12.543 DEBUG [main] StrategyAnalysis : ✅ SPY analyzed - no signals (12791ms)
2026-04-10 17:21:17.424 DEBUG [main] StrategyAnalysis : ✅ TSLA analyzed - no signals (4881ms)
2026-04-10 17:21:24.220 DEBUG [main] StrategyAnalysis : ✅ V analyzed - no signals (6796ms)
2026-04-10 17:21:35.428 DEBUG [main] StrategyAnalysis : ✅ XOM analyzed - no signals (11206ms)
2026-04-10 17:21:59.405 DEBUG [main] StrategyAnalysis : ✅ A analyzed - no signals (23976ms)
2026-04-10 17:22:12.418 DEBUG [main] StrategyAnalysis : ✅ AAL analyzed - no signals (13013ms)
2026-04-10 17:22:17.479 DEBUG [main] StrategyAnalysis : ✅ ABBV analyzed - no signals (5061ms)
2026-04-10 17:22:23.956 DEBUG [main] StrategyAnalysis : ✅ ABNB analyzed - no signals (6476ms)
2026-04-10 17:22:35.467 DEBUG [main] StrategyAnalysis : ✅ ABT analyzed - no signals (11511ms)
2026-04-10 17:22:59.360 DEBUG [main] StrategyAnalysis : ✅ ACGL analyzed - no signals (23893ms)
2026-04-10 17:23:12.370 DEBUG [main] StrategyAnalysis : ✅ ACN analyzed - no signals (13010ms)
2026-04-10 17:23:17.435 DEBUG [main] StrategyAnalysis : ✅ ADBE analyzed - no signals (5064ms)
2026-04-10 17:23:23.999 DEBUG [main] StrategyAnalysis : ✅ ADI analyzed - no signals (6564ms)
2026-04-10 17:23:35.402 DEBUG [main] StrategyAnalysis : ✅ ADM analyzed - no signals (11403ms)
2026-04-10 17:23:59.484 DEBUG [main] StrategyAnalysis : ✅ ADP analyzed - no signals (24082ms)
2026-04-10 17:24:12.315 DEBUG [main] StrategyAnalysis : ✅ ADSK analyzed - no signals (12831ms)
2026-04-10 17:24:17.476 DEBUG [main] StrategyAnalysis : ✅ AEE analyzed - no signals (5161ms)
2026-04-10 17:24:24.349 DEBUG [main] StrategyAnalysis : ✅ AEP analyzed - no signals (6872ms)
2026-04-10 17:24:35.455 DEBUG [main] StrategyAnalysis : ✅ AES analyzed - no signals (11106ms)
2026-04-10 17:24:59.676 DEBUG [main] StrategyAnalysis : ✅ AFG analyzed - no signals (24221ms)
2026-04-10 17:25:12.597 DEBUG [main] StrategyAnalysis : ✅ AFL analyzed - no signals (12921ms)
2026-04-10 17:25:17.499 DEBUG [main] StrategyAnalysis : ✅ AFRM analyzed - no signals (4902ms)
2026-04-10 17:25:24.180 DEBUG [main] StrategyAnalysis : ✅ AIG analyzed - no signals (6681ms)
2026-04-10 17:25:35.476 DEBUG [main] StrategyAnalysis : ✅ AIZ analyzed - no signals (11296ms)
2026-04-10 17:25:59.442 DEBUG [main] StrategyAnalysis : ✅ AJG analyzed - no signals (23966ms)
2026-04-10 17:26:12.618 DEBUG [main] StrategyAnalysis : ✅ AKAM analyzed - no signals (13176ms)
2026-04-10 17:26:17.422 DEBUG [main] StrategyAnalysis : ✅ ALB analyzed - no signals (4803ms)
2026-04-10 17:26:24.138 DEBUG [main] StrategyAnalysis : ✅ ALGN analyzed - no signals (6716ms)
2026-04-10 17:26:35.471 DEBUG [main] StrategyAnalysis : ✅ ALL analyzed - no signals (11333ms)
2026-04-10 17:26:59.532 DEBUG [main] StrategyAnalysis : ✅ ALLE analyzed - no signals (24061ms)
2026-04-10 17:27:12.984 DEBUG [main] StrategyAnalysis : ✅ AMAT analyzed - no signals (13452ms)
2026-04-10 17:27:17.695 DEBUG [main] StrategyAnalysis : ✅ AMCR analyzed - no signals (4711ms)
2026-04-10 17:27:23.961 DEBUG [main] StrategyAnalysis : ✅ AMDL analyzed - no signals (6266ms)
2026-04-10 17:27:35.456 DEBUG [main] StrategyAnalysis : ✅ AME analyzed - no signals (11495ms)
2026-04-10 17:27:59.449 DEBUG [main] StrategyAnalysis : ✅ AMGN analyzed - no signals (23993ms)
2026-04-10 17:28:12.466 DEBUG [main] StrategyAnalysis : ✅ AMP analyzed - no signals (13016ms)
2026-04-10 17:28:17.535 DEBUG [main] StrategyAnalysis : ✅ AMT analyzed - no signals (5069ms)
2026-04-10 17:28:24.055 DEBUG [main] StrategyAnalysis : ✅ ANET analyzed - no signals (6520ms)
2026-04-10 17:28:35.488 DEBUG [main] StrategyAnalysis : ✅ AON analyzed - no signals (11433ms)
2026-04-10 17:28:59.541 DEBUG [main] StrategyAnalysis : ✅ AOS analyzed - no signals (24053ms)
2026-04-10 17:29:12.799 DEBUG [main] StrategyAnalysis : ✅ APA analyzed - no signals (13258ms)
2026-04-10 17:29:17.672 DEBUG [main] StrategyAnalysis : ✅ APD analyzed - no signals (4873ms)
2026-04-10 17:29:24.001 DEBUG [main] StrategyAnalysis : ✅ APH analyzed - no signals (6329ms)
2026-04-10 17:29:35.413 DEBUG [main] StrategyAnalysis : ✅ APTV analyzed - no signals (11412ms)
2026-04-10 17:29:59.586 DEBUG [main] StrategyAnalysis : ✅ ARE analyzed - no signals (24173ms)
2026-04-10 17:30:12.268 DEBUG [scheduling-1] StrategyAnalysis : ✅ AAPL analyzed - no signals (10220ms)
2026-04-10 17:30:17.692 DEBUG [scheduling-1] StrategyAnalysis : ✅ AMD analyzed - no signals (5424ms)
2026-04-10 17:30:17.766 DEBUG [main] StrategyAnalysis : ✅ ARKK analyzed - no signals (18180ms)
2026-04-10 17:30:23.824 DEBUG [scheduling-1] StrategyAnalysis : ✅ AMZN analyzed - no signals (6132ms)
2026-04-10 17:30:35.375 DEBUG [scheduling-1] StrategyAnalysis : ✅ GOOGL analyzed - no signals (11551ms)
2026-04-10 17:30:41.465 DEBUG [main] StrategyAnalysis : ✅ ARM analyzed - no signals (23699ms)
2026-04-10 17:31:11.738 DEBUG [main] StrategyAnalysis : ✅ ATO analyzed - no signals (30273ms)
2026-04-10 17:31:12.140 DEBUG [scheduling-1] StrategyAnalysis : ✅ JNJ analyzed - no signals (36765ms)
2026-04-10 17:31:18.421 DEBUG [scheduling-1] StrategyAnalysis : ✅ JPM analyzed - no signals (6281ms)
2026-04-10 17:31:23.556 DEBUG [main] StrategyAnalysis : ✅ AVB analyzed - no signals (11817ms)
2026-04-10 17:31:23.890 DEBUG [scheduling-1] StrategyAnalysis : ✅ META analyzed - no signals (5469ms)
2026-04-10 17:31:47.534 DEBUG [main] StrategyAnalysis : ✅ AVGO analyzed - no signals (23978ms)
2026-04-10 17:32:11.474 DEBUG [scheduling-1] StrategyAnalysis : ✅ MSFT analyzed - no signals (47584ms)
2026-04-10 17:32:12.371 DEBUG [main] StrategyAnalysis : ✅ AVY analyzed - no signals (24837ms)
2026-04-10 17:32:13.307 DEBUG [scheduling-1] StrategyAnalysis : ✅ NVDA analyzed - no signals (1833ms)
2026-04-10 17:32:23.646 DEBUG [scheduling-1] StrategyAnalysis : ✅ QQQ analyzed - no signals (10339ms)
2026-04-10 17:32:23.743 DEBUG [main] StrategyAnalysis : ✅ AWK analyzed - no signals (11368ms)
2026-04-10 17:32:35.656 DEBUG [scheduling-1] StrategyAnalysis : ✅ SPY analyzed - no signals (12010ms)
2026-04-10 17:32:47.491 DEBUG [main] StrategyAnalysis : ✅ AXON analyzed - no signals (23748ms)
2026-04-10 17:33:12.245 DEBUG [scheduling-1] StrategyAnalysis : ✅ TSLA analyzed - no signals (36589ms)
2026-04-10 17:33:12.783 DEBUG [main] StrategyAnalysis : ✅ AXP analyzed - no signals (25292ms)
2026-04-10 17:33:17.650 DEBUG [scheduling-1] StrategyAnalysis : ✅ V analyzed - no signals (5405ms)
2026-04-10 17:33:23.769 DEBUG [main] StrategyAnalysis : ✅ AYI analyzed - no signals (10986ms)
2026-04-10 17:33:29.632 DEBUG [scheduling-1] StrategyAnalysis : ✅ XOM analyzed - no signals (11982ms)
2026-04-10 17:33:47.466 DEBUG [main] StrategyAnalysis : ✅ AZO analyzed - no signals (23697ms)
2026-04-10 17:34:11.609 DEBUG [scheduling-1] StrategyAnalysis : ✅ A analyzed - no signals (41977ms)
2026-04-10 17:34:12.745 DEBUG [scheduling-1] StrategyAnalysis : ✅ AAL analyzed - no signals (1136ms)
2026-04-10 17:34:13.033 DEBUG [main] StrategyAnalysis : ✅ BA analyzed - no signals (25567ms)
2026-04-10 17:34:23.470 DEBUG [scheduling-1] StrategyAnalysis : ✅ ABBV analyzed - no signals (10725ms)
2026-04-10 17:34:24.153 DEBUG [main] StrategyAnalysis : ✅ BABA analyzed - no signals (11120ms)
2026-04-10 17:34:35.516 DEBUG [scheduling-1] StrategyAnalysis : ✅ ABNB analyzed - no signals (12046ms)
2026-04-10 17:34:57.810 DEBUG [main] StrategyAnalysis : ✅ BAC analyzed - no signals (33657ms)
2026-04-10 17:35:13.786 DEBUG [scheduling-1] StrategyAnalysis : ✅ ABT analyzed - no signals (38270ms)
2026-04-10 17:35:14.024 DEBUG [main] StrategyAnalysis : ✅ BALL analyzed - no signals (16214ms)
2026-04-10 17:35:18.468 DEBUG [scheduling-1] StrategyAnalysis : ✅ ACGL analyzed - no signals (4682ms)
2026-04-10 17:35:24.261 DEBUG [scheduling-1] StrategyAnalysis : ✅ ACN analyzed - no signals (5793ms)
2026-04-10 17:35:35.484 DEBUG [scheduling-1] StrategyAnalysis : ✅ ADBE analyzed - no signals (11223ms)
2026-04-10 17:35:35.623 DEBUG [main] StrategyAnalysis : ✅ BAX analyzed - no signals (21599ms)
2026-04-10 17:36:11.912 DEBUG [main] StrategyAnalysis : ✅ BBWI analyzed - no signals (36289ms)
2026-04-10 17:36:12.454 DEBUG [scheduling-1] StrategyAnalysis : ✅ ADI analyzed - no signals (36970ms)
2026-04-10 17:36:17.770 DEBUG [scheduling-1] StrategyAnalysis : ✅ ADM analyzed - no signals (5316ms)
2026-04-10 17:36:23.796 DEBUG [scheduling-1] StrategyAnalysis : ✅ ADP analyzed - no signals (6026ms)
2026-04-10 17:36:23.989 DEBUG [main] StrategyAnalysis : ✅ BBY analyzed - no signals (12077ms)
2026-04-10 17:36:35.714 DEBUG [scheduling-1] StrategyAnalysis : ✅ ADSK analyzed - no signals (11916ms)
2026-04-10 17:36:53.359 DEBUG [main] StrategyAnalysis : ✅ BDX analyzed - no signals (29368ms)
2026-04-10 17:37:11.652 DEBUG [scheduling-1] StrategyAnalysis : ✅ AEE analyzed - no signals (35938ms)
2026-04-10 17:37:13.496 DEBUG [main] StrategyAnalysis : ✅ BEN analyzed - no signals (20136ms)
2026-04-10 17:37:17.928 DEBUG [scheduling-1] StrategyAnalysis : ✅ AEP analyzed - no signals (6276ms)
2026-04-10 17:37:24.086 DEBUG [main] StrategyAnalysis : ✅ BG analyzed - no signals (10590ms)
2026-04-10 17:37:29.517 DEBUG [scheduling-1] StrategyAnalysis : ✅ AES analyzed - no signals (11589ms)
2026-04-10 17:37:47.465 DEBUG [main] StrategyAnalysis : ✅ BIIB analyzed - no signals (23379ms)
2026-04-10 17:38:13.424 DEBUG [scheduling-1] StrategyAnalysis : ✅ AFG analyzed - no signals (43907ms)
2026-04-10 17:38:13.701 DEBUG [main] StrategyAnalysis : ✅ BIO analyzed - no signals (26236ms)
2026-04-10 17:38:18.702 DEBUG [scheduling-1] StrategyAnalysis : ✅ AFL analyzed - no signals (5278ms)
2026-04-10 17:38:23.594 DEBUG [main] StrategyAnalysis : ✅ BITX analyzed - no signals (9892ms)
2026-04-10 17:38:24.195 DEBUG [scheduling-1] StrategyAnalysis : ✅ AFRM analyzed - no signals (5492ms)
2026-04-10 17:38:35.546 DEBUG [scheduling-1] StrategyAnalysis : ✅ AIG analyzed - no signals (11351ms)
2026-04-10 17:38:53.457 DEBUG [scheduling-1] StrategyAnalysis : ✅ AIZ analyzed - no signals (17911ms)
2026-04-10 17:39:12.327 DEBUG [scheduling-1] StrategyAnalysis : ✅ AJG analyzed - no signals (18870ms)
2026-04-10 17:39:12.662 DEBUG [main] StrategyAnalysis : ✅ BK analyzed - no signals (49068ms)
2026-04-10 17:39:17.600 DEBUG [scheduling-1] StrategyAnalysis : ✅ AKAM analyzed - no signals (5273ms)
2026-04-10 17:39:23.928 DEBUG [main] StrategyAnalysis : ✅ BKNG analyzed - no signals (11266ms)
2026-04-10 17:39:24.653 DEBUG [scheduling-1] StrategyAnalysis : ✅ ALB analyzed - no signals (7053ms)
2026-04-10 17:39:36.070 DEBUG [scheduling-1] StrategyAnalysis : ✅ ALGN analyzed - no signals (11417ms)
2026-04-10 17:39:53.927 DEBUG [main] StrategyAnalysis : ✅ BKR analyzed - no signals (29999ms)
2026-04-10 17:40:12.591 DEBUG [scheduling-1] StrategyAnalysis : ✅ ALL analyzed - no signals (36504ms)
2026-04-10 17:40:13.231 DEBUG [main] StrategyAnalysis : ✅ BLDR analyzed - no signals (19304ms)
2026-04-10 17:40:18.475 DEBUG [scheduling-1] StrategyAnalysis : ✅ ALLE analyzed - no signals (5884ms)
2026-04-10 17:40:24.153 DEBUG [scheduling-1] StrategyAnalysis : ✅ AMAT analyzed - no signals (5678ms)
2026-04-10 17:40:35.729 DEBUG [scheduling-1] StrategyAnalysis : ✅ AMCR analyzed - no signals (11576ms)
2026-04-10 17:40:36.759 DEBUG [main] StrategyAnalysis : ✅ BLK analyzed - no signals (23528ms)
2026-04-10 17:41:11.639 DEBUG [main] StrategyAnalysis : ✅ BMY analyzed - no signals (34880ms)
2026-04-10 17:41:12.241 DEBUG [scheduling-1] StrategyAnalysis : ✅ AMDL analyzed - no signals (36512ms)
2026-04-10 17:41:17.706 DEBUG [scheduling-1] StrategyAnalysis : ✅ AME analyzed - no signals (5465ms)
2026-04-10 17:41:23.959 DEBUG [main] StrategyAnalysis : ✅ BR analyzed - no signals (12320ms)
2026-04-10 17:41:24.110 DEBUG [scheduling-1] StrategyAnalysis : ✅ AMGN analyzed - no signals (6402ms)
2026-04-10 17:41:35.618 DEBUG [scheduling-1] StrategyAnalysis : ✅ AMP analyzed - no signals (11508ms)
2026-04-10 17:41:47.467 DEBUG [main] StrategyAnalysis : ✅ BSX analyzed - no signals (23508ms)
2026-04-10 17:42:12.416 DEBUG [scheduling-1] StrategyAnalysis : ✅ AMT analyzed - no signals (36798ms)
2026-04-10 17:42:12.771 DEBUG [main] StrategyAnalysis : ✅ BWA analyzed - no signals (25304ms)
2026-04-10 17:42:18.574 DEBUG [scheduling-1] StrategyAnalysis : ✅ ANET analyzed - no signals (6158ms)
2026-04-10 17:42:27.209 DEBUG [main] StrategyAnalysis : ✅ BX analyzed - no signals (14438ms)
2026-04-10 17:42:29.889 DEBUG [scheduling-1] StrategyAnalysis : ✅ AON analyzed - no signals (11315ms)
2026-04-10 17:42:47.446 DEBUG [main] StrategyAnalysis : ✅ BYND analyzed - no signals (20235ms)
